
 Start         Length     Name                   Class
 0001:00000000 001B6EA8H .text                   CODE
 0002:00000000 0001D210H .data                   DATA
 0002:0001D210 00002279H .bss                    BSS


Detailed map of segments

 0001:00000000 00005AA3 C=CODE     S=.text    G=(none)   M=System   ACBP=A9
 0001:00005AA4 00000140 C=CODE     S=.text    G=(none)   M=SysInit  ACBP=A9
 0001:00005BE4 000000F0 C=CODE     S=.text    G=(none)   M=Types    ACBP=A9
 0001:00005CD4 00001100 C=CODE     S=.text    G=(none)   M=Windows  ACBP=A9
 0001:00006DD4 00000350 C=CODE     S=.text    G=(none)   M=SysConst ACBP=A9
 0001:00007124 00007518 C=CODE     S=.text    G=(none)   M=SysUtils ACBP=A9
 0001:0000E63C 00000038 C=CODE     S=.text    G=(none)   M=Messages ACBP=A9
 0001:0000E674 000007FB C=CODE     S=.text    G=(none)   M=VarUtils ACBP=A9
 0001:0000EE70 00005B12 C=CODE     S=.text    G=(none)   M=Variants ACBP=A9
 0001:00014984 00000140 C=CODE     S=.text    G=(none)   M=RTLConsts ACBP=A9
 0001:00014AC4 00001024 C=CODE     S=.text    G=(none)   M=TypInfo  ACBP=A9
 0001:00015AE8 000000A8 C=CODE     S=.text    G=(none)   M=ActiveX  ACBP=A9
 0001:00015B90 0000AACA C=CODE     S=.text    G=(none)   M=Classes  ACBP=A9
 0001:0002065C 00000038 C=CODE     S=.text    G=(none)   M=ETypes   ACBP=A9
 0001:00020694 000014D0 C=CODE     S=.text    G=(none)   M=EConsts  ACBP=A9
 0001:00021B64 0000246F C=CODE     S=.text    G=(none)   M=ECore    ACBP=A9
 0001:00023FD4 00000040 C=CODE     S=.text    G=(none)   M=ShellAPI ACBP=A9
 0001:00024014 000000A0 C=CODE     S=.text    G=(none)   M=WinSock  ACBP=A9
 0001:000240B4 00000EC7 C=CODE     S=.text    G=(none)   M=EHook    ACBP=A9
 0001:00024F7C 000000C4 C=CODE     S=.text    G=(none)   M=ELang    ACBP=A9
 0001:00025040 00001553 C=CODE     S=.text    G=(none)   M=ESockets ACBP=A9
 0001:00026594 000051D8 C=CODE     S=.text    G=(none)   M=EZLib    ACBP=A9
 0001:0002B76C 00000D3C C=CODE     S=.text    G=(none)   M=EEncrypt ACBP=A9
 0001:0002C4A8 000001A8 C=CODE     S=.text    G=(none)   M=EBase64  ACBP=A9
 0001:0002C650 00000934 C=CODE     S=.text    G=(none)   M=ETarGZip ACBP=A9
 0001:0002CF84 0000214C C=CODE     S=.text    G=(none)   M=EWebTools ACBP=A9
 0001:0002F0D0 000005A8 C=CODE     S=.text    G=(none)   M=EXMLBuilder ACBP=A9
 0001:0002F678 000030F0 C=CODE     S=.text    G=(none)   M=ELogManager ACBP=A9
 0001:00032768 000012F0 C=CODE     S=.text    G=(none)   M=EListView ACBP=A9
 0001:00033A58 00019BE2 C=CODE     S=.text    G=(none)   M=ExceptionLog ACBP=A9
 0001:0004D63C 00000300 C=CODE     S=.text    G=(none)   M=Consts   ACBP=A9
 0001:0004D93C 0000952F C=CODE     S=.text    G=(none)   M=Graphics ACBP=A9
 0001:00056E6C 00000358 C=CODE     S=.text    G=(none)   M=Math     ACBP=A9
 0001:000571C4 000002B8 C=CODE     S=.text    G=(none)   M=Contnrs  ACBP=A9
 0001:0005747C 000002DC C=CODE     S=.text    G=(none)   M=CommCtrl ACBP=A9
 0001:00057758 00000787 C=CODE     S=.text    G=(none)   M=MultiMon ACBP=A9
 0001:00057EE0 00000038 C=CODE     S=.text    G=(none)   M=Imm      ACBP=A9
 0001:00057F18 00000FF8 C=CODE     S=.text    G=(none)   M=HelpIntfs ACBP=A9
 0001:00058F10 00000038 C=CODE     S=.text    G=(none)   M=WinSpool ACBP=A9
 0001:00058F48 00000044 C=CODE     S=.text    G=(none)   M=Printers ACBP=A9
 0001:00058F8C 0000031F C=CODE     S=.text    G=(none)   M=FlatSB   ACBP=A9
 0001:000592AC 000003E4 C=CODE     S=.text    G=(none)   M=SyncObjs ACBP=A9
 0001:00059690 000009BB C=CODE     S=.text    G=(none)   M=UxTheme  ACBP=A9
 0001:0005A04C 00000038 C=CODE     S=.text    G=(none)   M=RichEdit ACBP=A9
 0001:0005A084 00000038 C=CODE     S=.text    G=(none)   M=ToolWin  ACBP=A9
 0001:0005A0BC 00000038 C=CODE     S=.text    G=(none)   M=RegStr   ACBP=A9
 0001:0005A0F4 00000038 C=CODE     S=.text    G=(none)   M=WinInet  ACBP=A9
 0001:0005A12C 00000038 C=CODE     S=.text    G=(none)   M=UrlMon   ACBP=A9
 0001:0005A164 000000B8 C=CODE     S=.text    G=(none)   M=ShlObj   ACBP=A9
 0001:0005A21C 00000038 C=CODE     S=.text    G=(none)   M=CommDlg  ACBP=A9
 0001:0005A254 00000038 C=CODE     S=.text    G=(none)   M=Dlgs     ACBP=A9
 0001:0005A28C 0000132D C=CODE     S=.text    G=(none)   M=Dialogs  ACBP=A9
 0001:0005B5BC 000011AA C=CODE     S=.text    G=(none)   M=ExtCtrls ACBP=A9
 0001:0005C768 00000038 C=CODE     S=.text    G=(none)   M=ComStrs  ACBP=A9
 0001:0005C7A0 0000061C C=CODE     S=.text    G=(none)   M=Clipbrd  ACBP=A9
 0001:0005CDBC 00000038 C=CODE     S=.text    G=(none)   M=StrUtils ACBP=A9
 0001:0005CDF4 000023D5 C=CODE     S=.text    G=(none)   M=Buttons  ACBP=A9
 0001:0005F1CC 00000038 C=CODE     S=.text    G=(none)   M=ExtDlgs  ACBP=A9
 0001:0005F204 00001A04 C=CODE     S=.text    G=(none)   M=IniFiles ACBP=A9
 0001:00060C08 00000068 C=CODE     S=.text    G=(none)   M=Registry ACBP=A9
 0001:00060C70 0000006C C=CODE     S=.text    G=(none)   M=Mapi     ACBP=A9
 0001:00060CDC 00000058 C=CODE     S=.text    G=(none)   M=ExtActns ACBP=A9
 0001:00060D34 00000038 C=CODE     S=.text    G=(none)   M=ListActns ACBP=A9
 0001:00060D6C 00000CF4 C=CODE     S=.text    G=(none)   M=ComCtrls ACBP=A9
 0001:00061A60 00000B28 C=CODE     S=.text    G=(none)   M=Themes   ACBP=A9
 0001:00062588 0000643C C=CODE     S=.text    G=(none)   M=StdCtrls ACBP=A9
 0001:000689C4 00000168 C=CODE     S=.text    G=(none)   M=StdActns ACBP=A9
 0001:00068B2C 00000D1F C=CODE     S=.text    G=(none)   M=WinHelpViewer ACBP=A9
 0001:0006984C 00011027 C=CODE     S=.text    G=(none)   M=Controls ACBP=A9
 0001:0007A874 00001292 C=CODE     S=.text    G=(none)   M=ActnList ACBP=A9
 0001:0007BB08 00001C04 C=CODE     S=.text    G=(none)   M=ImgList  ACBP=A9
 0001:0007D70C 0000681D C=CODE     S=.text    G=(none)   M=Menus    ACBP=A9
 0001:00083F2C 0000C558 C=CODE     S=.text    G=(none)   M=Forms    ACBP=A9
 0001:00090484 00000058 C=CODE     S=.text    G=(none)   M=sStrings ACBP=A9
 0001:000904DC 00000D0C C=CODE     S=.text    G=(none)   M=sConst   ACBP=A9
 0001:000911E8 00000050 C=CODE     S=.text    G=(none)   M=JConsts  ACBP=A9
 0001:00091238 00013414 C=CODE     S=.text    G=(none)   M=jpeg     ACBP=A9
 0001:000A464C 0000083C C=CODE     S=.text    G=(none)   M=acntTypes ACBP=A9
 0001:000A4E88 0000011C C=CODE     S=.text    G=(none)   M=sDefaults ACBP=A9
 0001:000A4FA4 00000038 C=CODE     S=.text    G=(none)   M=MaskUtils ACBP=A9
 0001:000A4FDC 00000038 C=CODE     S=.text    G=(none)   M=Mask     ACBP=A9
 0001:000A5014 00000438 C=CODE     S=.text    G=(none)   M=sSkinProps ACBP=A9
 0001:000A544C 00003638 C=CODE     S=.text    G=(none)   M=acZLibEx ACBP=A9
 0001:000A8A84 0000005C C=CODE     S=.text    G=(none)   M=sMessages ACBP=A9
 0001:000A8AE0 0000004C C=CODE     S=.text    G=(none)   M=Grids    ACBP=A9
 0001:000A8B2C 00001498 C=CODE     S=.text    G=(none)   M=acgpUtils ACBP=A9
 0001:000A9FC4 00001F50 C=CODE     S=.text    G=(none)   M=sGradient ACBP=A9
 0001:000ABF14 0000A3B4 C=CODE     S=.text    G=(none)   M=sAlphaGraph ACBP=A9
 0001:000B62C8 00000038 C=CODE     S=.text    G=(none)   M=sStatusBar ACBP=A9
 0001:000B6300 00006B04 C=CODE     S=.text    G=(none)   M=acAlphaImageList ACBP=A9
 0001:000BCE04 00000304 C=CODE     S=.text    G=(none)   M=sButton  ACBP=A9
 0001:000BD108 00000038 C=CODE     S=.text    G=(none)   M=sMaskEdit ACBP=A9
 0001:000BD140 00000038 C=CODE     S=.text    G=(none)   M=FileCtrl ACBP=A9
 0001:000BD178 000000A4 C=CODE     S=.text    G=(none)   M=sDateUtils ACBP=A9
 0001:000BD21C 00000038 C=CODE     S=.text    G=(none)   M=sBorders ACBP=A9
 0001:000BD254 00000038 C=CODE     S=.text    G=(none)   M=sPanel   ACBP=A9
 0001:000BD28C 00000038 C=CODE     S=.text    G=(none)   M=DateUtils ACBP=A9
 0001:000BD2C4 00000038 C=CODE     S=.text    G=(none)   M=sScrollBox ACBP=A9
 0001:000BD2FC 000000B8 C=CODE     S=.text    G=(none)   M=sCalcUnit ACBP=A9
 0001:000BD3B4 00000038 C=CODE     S=.text    G=(none)   M=sCurrEdit ACBP=A9
 0001:000BD3EC 00000038 C=CODE     S=.text    G=(none)   M=sCurrencyEdit ACBP=A9
 0001:000BD424 00001DF8 C=CODE     S=.text    G=(none)   M=sEdit    ACBP=A9
 0001:000BF21C 00000038 C=CODE     S=.text    G=(none)   M=sComboEdit ACBP=A9
 0001:000BF254 00000038 C=CODE     S=.text    G=(none)   M=sComboBox ACBP=A9
 0001:000BF28C 00000038 C=CODE     S=.text    G=(none)   M=sTrackBar ACBP=A9
 0001:000BF2C4 00000038 C=CODE     S=.text    G=(none)   M=acPopupCtrls ACBP=A9
 0001:000BF2FC 00000060 C=CODE     S=.text    G=(none)   M=sComboBoxes ACBP=A9
 0001:000BF35C 00000038 C=CODE     S=.text    G=(none)   M=sTreeView ACBP=A9
 0001:000BF394 00000038 C=CODE     S=.text    G=(none)   M=sListView ACBP=A9
 0001:000BF3CC 00000058 C=CODE     S=.text    G=(none)   M=ComConst ACBP=A9
 0001:000BF424 00000E65 C=CODE     S=.text    G=(none)   M=ComObj   ACBP=A9
 0001:000C028C 000009A1 C=CODE     S=.text    G=(none)   M=acShellCtrls ACBP=A9
 0001:000C0C30 00000038 C=CODE     S=.text    G=(none)   M=acPathDialog ACBP=A9
 0001:000C0C68 00000100 C=CODE     S=.text    G=(none)   M=sMonthCalendar ACBP=A9
 0001:000C0D68 00000038 C=CODE     S=.text    G=(none)   M=sPopupClndr ACBP=A9
 0001:000C0DA0 00000038 C=CODE     S=.text    G=(none)   M=sToolEdit ACBP=A9
 0001:000C0DD8 00000074 C=CODE     S=.text    G=(none)   M=sCustomComboEdit ACBP=A9
 0001:000C0E4C 000007B8 C=CODE     S=.text    G=(none)   M=sGlyphUtils ACBP=A9
 0001:000C1604 00003320 C=CODE     S=.text    G=(none)   M=sBitBtn  ACBP=A9
 0001:000C4924 00000038 C=CODE     S=.text    G=(none)   M=sToolBar ACBP=A9
 0001:000C495C 00001A44 C=CODE     S=.text    G=(none)   M=sThirdParty ACBP=A9
 0001:000C63A0 00009524 C=CODE     S=.text    G=(none)   M=acPNG    ACBP=A9
 0001:000CF8C4 000052C0 C=CODE     S=.text    G=(none)   M=acAlphaHints ACBP=A9
 0001:000D4B84 00007CC7 C=CODE     S=.text    G=(none)   M=acDials  ACBP=A9
 0001:000DC84C 0000185C C=CODE     S=.text    G=(none)   M=sFrameAdapter ACBP=A9
 0001:000DE0A8 00000284 C=CODE     S=.text    G=(none)   M=sMDIForm ACBP=A9
 0001:000DE32C 0000319C C=CODE     S=.text    G=(none)   M=acTitleBar ACBP=A9
 0001:000E14C8 00000A2F C=CODE     S=.text    G=(none)   M=acGlow   ACBP=A9
 0001:000E1EF8 00000038 C=CODE     S=.text    G=(none)   M=sSplitter ACBP=A9
 0001:000E1F30 0002459C C=CODE     S=.text    G=(none)   M=acSBUtils ACBP=A9
 0001:001064CC 00000908 C=CODE     S=.text    G=(none)   M=sFade    ACBP=A9
 0001:00106DD4 00000A5C C=CODE     S=.text    G=(none)   M=sSpeedButton ACBP=A9
 0001:00107830 00000040 C=CODE     S=.text    G=(none)   M=sPageControl ACBP=A9
 0001:00107870 00002BF4 C=CODE     S=.text    G=(none)   M=sHtmlParse ACBP=A9
 0001:0010A464 00001ABE C=CODE     S=.text    G=(none)   M=sLabel   ACBP=A9
 0001:0010BF24 00000858 C=CODE     S=.text    G=(none)   M=acThdTimer ACBP=A9
 0001:0010C77C 0000026B C=CODE     S=.text    G=(none)   M=acPopupController ACBP=A9
 0001:0010C9E8 0000D778 C=CODE     S=.text    G=(none)   M=sGraphUtils ACBP=A9
 0001:0011A160 000003F4 C=CODE     S=.text    G=(none)   M=acFontStore ACBP=A9
 0001:0011A554 00007E40 C=CODE     S=.text    G=(none)   M=sVclUtils ACBP=A9
 0001:00122394 00007498 C=CODE     S=.text    G=(none)   M=sCommonData ACBP=A9
 0001:0012982C 00025858 C=CODE     S=.text    G=(none)   M=sSkinProvider ACBP=A9
 0001:0014F084 000000B8 C=CODE     S=.text    G=(none)   M=sColorDialog ACBP=A9
 0001:0014F13C 00000038 C=CODE     S=.text    G=(none)   M=sCheckBox ACBP=A9
 0001:0014F174 00000038 C=CODE     S=.text    G=(none)   M=acImage  ACBP=A9
 0001:0014F1AC 00000294 C=CODE     S=.text    G=(none)   M=sDialogs ACBP=A9
 0001:0014F440 00001814 C=CODE     S=.text    G=(none)   M=acntUtils ACBP=A9
 0001:00150C54 00000FD7 C=CODE     S=.text    G=(none)   M=sStyleSimply ACBP=A9
 0001:00151C2C 00004DC3 C=CODE     S=.text    G=(none)   M=sSkinMenus ACBP=A9
 0001:001569F0 000007DC C=CODE     S=.text    G=(none)   M=sMaskData ACBP=A9
 0001:001571CC 000133C0 C=CODE     S=.text    G=(none)   M=sSkinManager ACBP=A9
 0001:0016A58C 000001DC C=CODE     S=.text    G=(none)   M=untFrmGenaralBase ACBP=A9
 0001:0016A768 00000218 C=CODE     S=.text    G=(none)   M=untLogin ACBP=A9
 0001:0016A980 000035E0 C=CODE     S=.text    G=(none)   M=cnsmsg_eng ACBP=A9
 0001:0016DF60 00000A42 C=CODE     S=.text    G=(none)   M=CnsMsg   ACBP=A9
 0001:0016E9A4 00000261 C=CODE     S=.text    G=(none)   M=CnsMisc  ACBP=A9
 0001:0016EC08 00001FA1 C=CODE     S=.text    G=(none)   M=CnsDiGrph ACBP=A9
 0001:00170BAC 000006F8 C=CODE     S=.text    G=(none)   M=CnsCRtl  ACBP=A9
 0001:001712A4 00000038 C=CODE     S=.text    G=(none)   M=CnsQuantz ACBP=A9
 0001:001712DC 000005C4 C=CODE     S=.text    G=(none)   M=CnsTransf ACBP=A9
 0001:001718A0 000021CC C=CODE     S=.text    G=(none)   M=CnsTifGr ACBP=A9
 0001:00173A6C 00042428 C=CODE     S=.text    G=(none)   M=CnsCLib  ACBP=A9
 0001:001B5E94 00000720 C=CODE     S=.text    G=(none)   M=CnsJpgGr ACBP=A9
 0001:001B65B4 000002FC C=CODE     S=.text    G=(none)   M=untAbertura ACBP=A9
 0001:001B68B0 000005F8 C=CODE     S=.text    G=(none)   M=ContasPagar ACBP=A9
 0002:00000000 000000A4 C=DATA     S=.data    G=DGROUP   M=System   ACBP=A9
 0002:000000A4 00000020 C=DATA     S=.data    G=DGROUP   M=SysInit  ACBP=A9
 0002:000000C4 00000254 C=DATA     S=.data    G=DGROUP   M=SysUtils ACBP=A9
 0002:00000318 00000008 C=DATA     S=.data    G=DGROUP   M=VarUtils ACBP=A9
 0002:00000320 0000008E C=DATA     S=.data    G=DGROUP   M=Variants ACBP=A9
 0002:000003B0 0000000C C=DATA     S=.data    G=DGROUP   M=TypInfo  ACBP=A9
 0002:000003BC 00000010 C=DATA     S=.data    G=DGROUP   M=ActiveX  ACBP=A9
 0002:000003CC 00000100 C=DATA     S=.data    G=DGROUP   M=Classes  ACBP=A9
 0002:000004CC 000003B4 C=DATA     S=.data    G=DGROUP   M=EConsts  ACBP=A9
 0002:00000880 00000020 C=DATA     S=.data    G=DGROUP   M=ECore    ACBP=A9
 0002:000008A0 00001674 C=DATA     S=.data    G=DGROUP   M=EZLib    ACBP=A9
 0002:00001F14 00000040 C=DATA     S=.data    G=DGROUP   M=EBase64  ACBP=A9
 0002:00001F54 00000012 C=DATA     S=.data    G=DGROUP   M=ETarGZip ACBP=A9
 0002:00001F68 000000E0 C=DATA     S=.data    G=DGROUP   M=EWebTools ACBP=A9
 0002:00002048 00000020 C=DATA     S=.data    G=DGROUP   M=EXMLBuilder ACBP=A9
 0002:00002068 00000084 C=DATA     S=.data    G=DGROUP   M=ExceptionLog ACBP=A9
 0002:000020EC 0000030C C=DATA     S=.data    G=DGROUP   M=Graphics ACBP=A9
 0002:000023F8 00000004 C=DATA     S=.data    G=DGROUP   M=Printers ACBP=A9
 0002:000023FC 000000B4 C=DATA     S=.data    G=DGROUP   M=Dialogs  ACBP=A9
 0002:000024B0 00000178 C=DATA     S=.data    G=DGROUP   M=ExtCtrls ACBP=A9
 0002:00002628 00000088 C=DATA     S=.data    G=DGROUP   M=Buttons  ACBP=A9
 0002:000026B0 00000008 C=DATA     S=.data    G=DGROUP   M=IniFiles ACBP=A9
 0002:000026B8 00000008 C=DATA     S=.data    G=DGROUP   M=Registry ACBP=A9
 0002:000026C0 00000008 C=DATA     S=.data    G=DGROUP   M=Mapi     ACBP=A9
 0002:000026C8 00000018 C=DATA     S=.data    G=DGROUP   M=ComCtrls ACBP=A9
 0002:000026E0 00000068 C=DATA     S=.data    G=DGROUP   M=Themes   ACBP=A9
 0002:00002748 000000AC C=DATA     S=.data    G=DGROUP   M=StdCtrls ACBP=A9
 0002:000027F4 0000013C C=DATA     S=.data    G=DGROUP   M=Controls ACBP=A9
 0002:00002930 00000020 C=DATA     S=.data    G=DGROUP   M=ImgList  ACBP=A9
 0002:00002950 000000EC C=DATA     S=.data    G=DGROUP   M=Menus    ACBP=A9
 0002:00002A3C 00000128 C=DATA     S=.data    G=DGROUP   M=Forms    ACBP=A9
 0002:00002B64 000001DC C=DATA     S=.data    G=DGROUP   M=sConst   ACBP=A9
 0002:00002D40 00000908 C=DATA     S=.data    G=DGROUP   M=jpeg     ACBP=A9
 0002:00003648 00000068 C=DATA     S=.data    G=DGROUP   M=sDefaults ACBP=A9
 0002:000036B0 00000098 C=DATA     S=.data    G=DGROUP   M=sSkinProps ACBP=A9
 0002:00003748 00002BF8 C=DATA     S=.data    G=DGROUP   M=acZLibEx ACBP=A9
 0002:00006340 00000018 C=DATA     S=.data    G=DGROUP   M=acgpUtils ACBP=A9
 0002:00006358 00000004 C=DATA     S=.data    G=DGROUP   M=sGradient ACBP=A9
 0002:0000635C 00000008 C=DATA     S=.data    G=DGROUP   M=acAlphaImageList ACBP=A9
 0002:00006364 0000000C C=DATA     S=.data    G=DGROUP   M=sCalcUnit ACBP=A9
 0002:00006370 00000004 C=DATA     S=.data    G=DGROUP   M=sComboBoxes ACBP=A9
 0002:00006374 00000030 C=DATA     S=.data    G=DGROUP   M=ComObj   ACBP=A9
 0002:000063A4 00000074 C=DATA     S=.data    G=DGROUP   M=acShellCtrls ACBP=A9
 0002:00006418 00000008 C=DATA     S=.data    G=DGROUP   M=sMonthCalendar ACBP=A9
 0002:00006420 00000274 C=DATA     S=.data    G=DGROUP   M=sGlyphUtils ACBP=A9
 0002:00006694 00000001 C=DATA     S=.data    G=DGROUP   M=sBitBtn  ACBP=A9
 0002:00006698 00000087 C=DATA     S=.data    G=DGROUP   M=acPNG    ACBP=A9
 0002:00006720 00000018 C=DATA     S=.data    G=DGROUP   M=acAlphaHints ACBP=A9
 0002:00006738 0000000D C=DATA     S=.data    G=DGROUP   M=acDials  ACBP=A9
 0002:00006748 00000001 C=DATA     S=.data    G=DGROUP   M=acTitleBar ACBP=A9
 0002:0000674C 00000001 C=DATA     S=.data    G=DGROUP   M=acGlow   ACBP=A9
 0002:00006750 00000063 C=DATA     S=.data    G=DGROUP   M=acSBUtils ACBP=A9
 0002:000067B4 00000494 C=DATA     S=.data    G=DGROUP   M=sHtmlParse ACBP=A9
 0002:00006C48 00000001 C=DATA     S=.data    G=DGROUP   M=sLabel   ACBP=A9
 0002:00006C4C 00000008 C=DATA     S=.data    G=DGROUP   M=acPopupController ACBP=A9
 0002:00006C54 00000024 C=DATA     S=.data    G=DGROUP   M=sGraphUtils ACBP=A9
 0002:00006C78 00000040 C=DATA     S=.data    G=DGROUP   M=sVclUtils ACBP=A9
 0002:00006CB8 00000010 C=DATA     S=.data    G=DGROUP   M=sCommonData ACBP=A9
 0002:00006CC8 0000008C C=DATA     S=.data    G=DGROUP   M=sSkinProvider ACBP=A9
 0002:00006D54 00000008 C=DATA     S=.data    G=DGROUP   M=sColorDialog ACBP=A9
 0002:00006D5C 00000014 C=DATA     S=.data    G=DGROUP   M=sDialogs ACBP=A9
 0002:00006D70 0000000C C=DATA     S=.data    G=DGROUP   M=acntUtils ACBP=A9
 0002:00006D7C 0000012C C=DATA     S=.data    G=DGROUP   M=sStyleSimply ACBP=A9
 0002:00006EA8 00000020 C=DATA     S=.data    G=DGROUP   M=sSkinMenus ACBP=A9
 0002:00006EC8 00000168 C=DATA     S=.data    G=DGROUP   M=sSkinManager ACBP=A9
 0002:00007030 00000478 C=DATA     S=.data    G=DGROUP   M=CnsDiGrph ACBP=A9
 0002:000074A8 00000028 C=DATA     S=.data    G=DGROUP   M=CnsTifGr ACBP=A9
 0002:000074D0 0001544C C=DATA     S=.data    G=DGROUP   M=CnsCLib  ACBP=A9
 0002:0001E000 00000664 C=BSS      S=.bss     G=DGROUP   M=System   ACBP=A9
 0002:0001E664 00000010 C=BSS      S=.bss     G=DGROUP   M=SysInit  ACBP=A9
 0002:0001E674 00000004 C=BSS      S=.bss     G=DGROUP   M=Types    ACBP=A9
 0002:0001E678 00000004 C=BSS      S=.bss     G=DGROUP   M=Windows  ACBP=A9
 0002:0001E67C 00000004 C=BSS      S=.bss     G=DGROUP   M=SysConst ACBP=A9
 0002:0001E680 00000120 C=BSS      S=.bss     G=DGROUP   M=SysUtils ACBP=A9
 0002:0001E7A0 00000004 C=BSS      S=.bss     G=DGROUP   M=Messages ACBP=A9
 0002:0001E7A4 0000005C C=BSS      S=.bss     G=DGROUP   M=VarUtils ACBP=A9
 0002:0001E800 00000040 C=BSS      S=.bss     G=DGROUP   M=Variants ACBP=A9
 0002:0001E840 00000004 C=BSS      S=.bss     G=DGROUP   M=RTLConsts ACBP=A9
 0002:0001E844 00000004 C=BSS      S=.bss     G=DGROUP   M=TypInfo  ACBP=A9
 0002:0001E848 00000004 C=BSS      S=.bss     G=DGROUP   M=ActiveX  ACBP=A9
 0002:0001E84C 00000044 C=BSS      S=.bss     G=DGROUP   M=Classes  ACBP=A9
 0002:0001E890 00000004 C=BSS      S=.bss     G=DGROUP   M=ETypes   ACBP=A9
 0002:0001E894 00000004 C=BSS      S=.bss     G=DGROUP   M=EConsts  ACBP=A9
 0002:0001E898 00000009 C=BSS      S=.bss     G=DGROUP   M=ECore    ACBP=A9
 0002:0001E8A4 00000004 C=BSS      S=.bss     G=DGROUP   M=ShellAPI ACBP=A9
 0002:0001E8A8 00000004 C=BSS      S=.bss     G=DGROUP   M=WinSock  ACBP=A9
 0002:0001E8AC 00000010 C=BSS      S=.bss     G=DGROUP   M=EHook    ACBP=A9
 0002:0001E8BC 00000004 C=BSS      S=.bss     G=DGROUP   M=ELang    ACBP=A9
 0002:0001E8C0 00000004 C=BSS      S=.bss     G=DGROUP   M=ESockets ACBP=A9
 0002:0001E8C4 00000004 C=BSS      S=.bss     G=DGROUP   M=EZLib    ACBP=A9
 0002:0001E8C8 0000001C C=BSS      S=.bss     G=DGROUP   M=EEncrypt ACBP=A9
 0002:0001E8E4 00000004 C=BSS      S=.bss     G=DGROUP   M=EBase64  ACBP=A9
 0002:0001E8E8 00000404 C=BSS      S=.bss     G=DGROUP   M=ETarGZip ACBP=A9
 0002:0001ECEC 0000003C C=BSS      S=.bss     G=DGROUP   M=EWebTools ACBP=A9
 0002:0001ED28 00000004 C=BSS      S=.bss     G=DGROUP   M=EXMLBuilder ACBP=A9
 0002:0001ED2C 00000004 C=BSS      S=.bss     G=DGROUP   M=ELogManager ACBP=A9
 0002:0001ED30 00000004 C=BSS      S=.bss     G=DGROUP   M=EListView ACBP=A9
 0002:0001ED34 000008B0 C=BSS      S=.bss     G=DGROUP   M=ExceptionLog ACBP=A9
 0002:0001F5E4 00000004 C=BSS      S=.bss     G=DGROUP   M=Consts   ACBP=A9
 0002:0001F5E8 00000060 C=BSS      S=.bss     G=DGROUP   M=Graphics ACBP=A9
 0002:0001F648 00000004 C=BSS      S=.bss     G=DGROUP   M=Math     ACBP=A9
 0002:0001F64C 00000004 C=BSS      S=.bss     G=DGROUP   M=Contnrs  ACBP=A9
 0002:0001F650 0000000C C=BSS      S=.bss     G=DGROUP   M=CommCtrl ACBP=A9
 0002:0001F65C 00000031 C=BSS      S=.bss     G=DGROUP   M=MultiMon ACBP=A9
 0002:0001F690 00000004 C=BSS      S=.bss     G=DGROUP   M=Imm      ACBP=A9
 0002:0001F694 00000008 C=BSS      S=.bss     G=DGROUP   M=HelpIntfs ACBP=A9
 0002:0001F69C 00000004 C=BSS      S=.bss     G=DGROUP   M=WinSpool ACBP=A9
 0002:0001F6A0 00000004 C=BSS      S=.bss     G=DGROUP   M=Printers ACBP=A9
 0002:0001F6A4 00000034 C=BSS      S=.bss     G=DGROUP   M=FlatSB   ACBP=A9
 0002:0001F6D8 00000004 C=BSS      S=.bss     G=DGROUP   M=SyncObjs ACBP=A9
 0002:0001F6DC 000000CC C=BSS      S=.bss     G=DGROUP   M=UxTheme  ACBP=A9
 0002:0001F7A8 00000004 C=BSS      S=.bss     G=DGROUP   M=RichEdit ACBP=A9
 0002:0001F7AC 00000004 C=BSS      S=.bss     G=DGROUP   M=ToolWin  ACBP=A9
 0002:0001F7B0 00000004 C=BSS      S=.bss     G=DGROUP   M=RegStr   ACBP=A9
 0002:0001F7B4 00000004 C=BSS      S=.bss     G=DGROUP   M=WinInet  ACBP=A9
 0002:0001F7B8 00000004 C=BSS      S=.bss     G=DGROUP   M=UrlMon   ACBP=A9
 0002:0001F7BC 00000004 C=BSS      S=.bss     G=DGROUP   M=ShlObj   ACBP=A9
 0002:0001F7C0 00000004 C=BSS      S=.bss     G=DGROUP   M=CommDlg  ACBP=A9
 0002:0001F7C4 00000004 C=BSS      S=.bss     G=DGROUP   M=Dlgs     ACBP=A9
 0002:0001F7C8 00000038 C=BSS      S=.bss     G=DGROUP   M=Dialogs  ACBP=A9
 0002:0001F800 00000004 C=BSS      S=.bss     G=DGROUP   M=ExtCtrls ACBP=A9
 0002:0001F804 00000004 C=BSS      S=.bss     G=DGROUP   M=ComStrs  ACBP=A9
 0002:0001F808 0000000C C=BSS      S=.bss     G=DGROUP   M=Clipbrd  ACBP=A9
 0002:0001F814 00000004 C=BSS      S=.bss     G=DGROUP   M=StrUtils ACBP=A9
 0002:0001F818 00000030 C=BSS      S=.bss     G=DGROUP   M=Buttons  ACBP=A9
 0002:0001F848 00000004 C=BSS      S=.bss     G=DGROUP   M=ExtDlgs  ACBP=A9
 0002:0001F84C 00000004 C=BSS      S=.bss     G=DGROUP   M=IniFiles ACBP=A9
 0002:0001F850 00000004 C=BSS      S=.bss     G=DGROUP   M=Registry ACBP=A9
 0002:0001F854 00000004 C=BSS      S=.bss     G=DGROUP   M=Mapi     ACBP=A9
 0002:0001F858 00000009 C=BSS      S=.bss     G=DGROUP   M=ExtActns ACBP=A9
 0002:0001F864 00000004 C=BSS      S=.bss     G=DGROUP   M=ListActns ACBP=A9
 0002:0001F868 00000010 C=BSS      S=.bss     G=DGROUP   M=ComCtrls ACBP=A9
 0002:0001F878 00000008 C=BSS      S=.bss     G=DGROUP   M=Themes   ACBP=A9
 0002:0001F880 00000004 C=BSS      S=.bss     G=DGROUP   M=StdCtrls ACBP=A9
 0002:0001F884 00000004 C=BSS      S=.bss     G=DGROUP   M=StdActns ACBP=A9
 0002:0001F888 00000014 C=BSS      S=.bss     G=DGROUP   M=WinHelpViewer ACBP=A9
 0002:0001F89C 00000080 C=BSS      S=.bss     G=DGROUP   M=Controls ACBP=A9
 0002:0001F91C 00000004 C=BSS      S=.bss     G=DGROUP   M=ActnList ACBP=A9
 0002:0001F920 0000000C C=BSS      S=.bss     G=DGROUP   M=ImgList  ACBP=A9
 0002:0001F92C 00000010 C=BSS      S=.bss     G=DGROUP   M=Menus    ACBP=A9
 0002:0001F93C 00000020 C=BSS      S=.bss     G=DGROUP   M=Forms    ACBP=A9
 0002:0001F95C 00000004 C=BSS      S=.bss     G=DGROUP   M=sStrings ACBP=A9
 0002:0001F960 00000090 C=BSS      S=.bss     G=DGROUP   M=sConst   ACBP=A9
 0002:0001F9F0 00000004 C=BSS      S=.bss     G=DGROUP   M=JConsts  ACBP=A9
 0002:0001F9F4 00000004 C=BSS      S=.bss     G=DGROUP   M=jpeg     ACBP=A9
 0002:0001F9F8 00000004 C=BSS      S=.bss     G=DGROUP   M=acntTypes ACBP=A9
 0002:0001F9FC 00000004 C=BSS      S=.bss     G=DGROUP   M=sDefaults ACBP=A9
 0002:0001FA00 00000004 C=BSS      S=.bss     G=DGROUP   M=MaskUtils ACBP=A9
 0002:0001FA04 00000004 C=BSS      S=.bss     G=DGROUP   M=Mask     ACBP=A9
 0002:0001FA08 00000004 C=BSS      S=.bss     G=DGROUP   M=sSkinProps ACBP=A9
 0002:0001FA0C 00000004 C=BSS      S=.bss     G=DGROUP   M=acZLibEx ACBP=A9
 0002:0001FA10 00000004 C=BSS      S=.bss     G=DGROUP   M=sMessages ACBP=A9
 0002:0001FA14 00000004 C=BSS      S=.bss     G=DGROUP   M=Grids    ACBP=A9
 0002:0001FA18 000000B8 C=BSS      S=.bss     G=DGROUP   M=acgpUtils ACBP=A9
 0002:0001FAD0 00000008 C=BSS      S=.bss     G=DGROUP   M=sGradient ACBP=A9
 0002:0001FAD8 00000004 C=BSS      S=.bss     G=DGROUP   M=sAlphaGraph ACBP=A9
 0002:0001FADC 00000004 C=BSS      S=.bss     G=DGROUP   M=sStatusBar ACBP=A9
 0002:0001FAE0 00000008 C=BSS      S=.bss     G=DGROUP   M=acAlphaImageList ACBP=A9
 0002:0001FAE8 00000004 C=BSS      S=.bss     G=DGROUP   M=sButton  ACBP=A9
 0002:0001FAEC 00000004 C=BSS      S=.bss     G=DGROUP   M=sMaskEdit ACBP=A9
 0002:0001FAF0 00000004 C=BSS      S=.bss     G=DGROUP   M=FileCtrl ACBP=A9
 0002:0001FAF4 00000008 C=BSS      S=.bss     G=DGROUP   M=sDateUtils ACBP=A9
 0002:0001FAFC 00000004 C=BSS      S=.bss     G=DGROUP   M=sBorders ACBP=A9
 0002:0001FB00 00000004 C=BSS      S=.bss     G=DGROUP   M=sPanel   ACBP=A9
 0002:0001FB04 00000004 C=BSS      S=.bss     G=DGROUP   M=DateUtils ACBP=A9
 0002:0001FB08 00000004 C=BSS      S=.bss     G=DGROUP   M=sScrollBox ACBP=A9
 0002:0001FB0C 0000000C C=BSS      S=.bss     G=DGROUP   M=sCalcUnit ACBP=A9
 0002:0001FB18 00000004 C=BSS      S=.bss     G=DGROUP   M=sCurrEdit ACBP=A9
 0002:0001FB1C 00000004 C=BSS      S=.bss     G=DGROUP   M=sCurrencyEdit ACBP=A9
 0002:0001FB20 00000004 C=BSS      S=.bss     G=DGROUP   M=sEdit    ACBP=A9
 0002:0001FB24 00000004 C=BSS      S=.bss     G=DGROUP   M=sComboEdit ACBP=A9
 0002:0001FB28 00000004 C=BSS      S=.bss     G=DGROUP   M=sComboBox ACBP=A9
 0002:0001FB2C 00000004 C=BSS      S=.bss     G=DGROUP   M=sTrackBar ACBP=A9
 0002:0001FB30 00000004 C=BSS      S=.bss     G=DGROUP   M=acPopupCtrls ACBP=A9
 0002:0001FB34 00000004 C=BSS      S=.bss     G=DGROUP   M=sComboBoxes ACBP=A9
 0002:0001FB38 00000004 C=BSS      S=.bss     G=DGROUP   M=sTreeView ACBP=A9
 0002:0001FB3C 00000004 C=BSS      S=.bss     G=DGROUP   M=sListView ACBP=A9
 0002:0001FB40 00000004 C=BSS      S=.bss     G=DGROUP   M=ComConst ACBP=A9
 0002:0001FB44 00000011 C=BSS      S=.bss     G=DGROUP   M=ComObj   ACBP=A9
 0002:0001FB58 00000024 C=BSS      S=.bss     G=DGROUP   M=acShellCtrls ACBP=A9
 0002:0001FB7C 00000004 C=BSS      S=.bss     G=DGROUP   M=acPathDialog ACBP=A9
 0002:0001FB80 00000010 C=BSS      S=.bss     G=DGROUP   M=sMonthCalendar ACBP=A9
 0002:0001FB90 00000004 C=BSS      S=.bss     G=DGROUP   M=sPopupClndr ACBP=A9
 0002:0001FB94 00000004 C=BSS      S=.bss     G=DGROUP   M=sToolEdit ACBP=A9
 0002:0001FB98 00000004 C=BSS      S=.bss     G=DGROUP   M=sCustomComboEdit ACBP=A9
 0002:0001FB9C 00000004 C=BSS      S=.bss     G=DGROUP   M=sGlyphUtils ACBP=A9
 0002:0001FBA0 00000004 C=BSS      S=.bss     G=DGROUP   M=sBitBtn  ACBP=A9
 0002:0001FBA4 00000004 C=BSS      S=.bss     G=DGROUP   M=sToolBar ACBP=A9
 0002:0001FBA8 00000014 C=BSS      S=.bss     G=DGROUP   M=sThirdParty ACBP=A9
 0002:0001FBBC 00000008 C=BSS      S=.bss     G=DGROUP   M=acPNG    ACBP=A9
 0002:0001FBC4 0000000C C=BSS      S=.bss     G=DGROUP   M=acAlphaHints ACBP=A9
 0002:0001FBD0 00000010 C=BSS      S=.bss     G=DGROUP   M=acDials  ACBP=A9
 0002:0001FBE0 00000004 C=BSS      S=.bss     G=DGROUP   M=sFrameAdapter ACBP=A9
 0002:0001FBE4 00000004 C=BSS      S=.bss     G=DGROUP   M=sMDIForm ACBP=A9
 0002:0001FBE8 00000004 C=BSS      S=.bss     G=DGROUP   M=acTitleBar ACBP=A9
 0002:0001FBEC 00000008 C=BSS      S=.bss     G=DGROUP   M=acGlow   ACBP=A9
 0002:0001FBF4 00000004 C=BSS      S=.bss     G=DGROUP   M=sSplitter ACBP=A9
 0002:0001FBF8 00000044 C=BSS      S=.bss     G=DGROUP   M=acSBUtils ACBP=A9
 0002:0001FC3C 00000004 C=BSS      S=.bss     G=DGROUP   M=sFade    ACBP=A9
 0002:0001FC40 00000004 C=BSS      S=.bss     G=DGROUP   M=sSpeedButton ACBP=A9
 0002:0001FC44 00000004 C=BSS      S=.bss     G=DGROUP   M=sPageControl ACBP=A9
 0002:0001FC48 00000004 C=BSS      S=.bss     G=DGROUP   M=sHtmlParse ACBP=A9
 0002:0001FC4C 00000005 C=BSS      S=.bss     G=DGROUP   M=sLabel   ACBP=A9
 0002:0001FC54 00000004 C=BSS      S=.bss     G=DGROUP   M=acThdTimer ACBP=A9
 0002:0001FC58 00000004 C=BSS      S=.bss     G=DGROUP   M=acPopupController ACBP=A9
 0002:0001FC5C 00000020 C=BSS      S=.bss     G=DGROUP   M=sGraphUtils ACBP=A9
 0002:0001FC7C 00000004 C=BSS      S=.bss     G=DGROUP   M=acFontStore ACBP=A9
 0002:0001FC80 00000014 C=BSS      S=.bss     G=DGROUP   M=sVclUtils ACBP=A9
 0002:0001FC94 0000000C C=BSS      S=.bss     G=DGROUP   M=sCommonData ACBP=A9
 0002:0001FCA0 00000058 C=BSS      S=.bss     G=DGROUP   M=sSkinProvider ACBP=A9
 0002:0001FCF8 00000004 C=BSS      S=.bss     G=DGROUP   M=sColorDialog ACBP=A9
 0002:0001FCFC 00000004 C=BSS      S=.bss     G=DGROUP   M=sCheckBox ACBP=A9
 0002:0001FD00 00000004 C=BSS      S=.bss     G=DGROUP   M=acImage  ACBP=A9
 0002:0001FD04 00000004 C=BSS      S=.bss     G=DGROUP   M=sDialogs ACBP=A9
 0002:0001FD08 00000014 C=BSS      S=.bss     G=DGROUP   M=acntUtils ACBP=A9
 0002:0001FD1C 00000010 C=BSS      S=.bss     G=DGROUP   M=sStyleSimply ACBP=A9
 0002:0001FD2C 00000018 C=BSS      S=.bss     G=DGROUP   M=sSkinMenus ACBP=A9
 0002:0001FD44 00000004 C=BSS      S=.bss     G=DGROUP   M=sMaskData ACBP=A9
 0002:0001FD48 000000C9 C=BSS      S=.bss     G=DGROUP   M=sSkinManager ACBP=A9
 0002:0001FE14 00000004 C=BSS      S=.bss     G=DGROUP   M=untFrmGenaralBase ACBP=A9
 0002:0001FE18 00000008 C=BSS      S=.bss     G=DGROUP   M=untLogin ACBP=A9
 0002:0001FE20 00000004 C=BSS      S=.bss     G=DGROUP   M=cnsmsg_eng ACBP=A9
 0002:0001FE24 000003F4 C=BSS      S=.bss     G=DGROUP   M=CnsMsg   ACBP=A9
 0002:00020218 00000008 C=BSS      S=.bss     G=DGROUP   M=CnsMisc  ACBP=A9
 0002:00020220 00000028 C=BSS      S=.bss     G=DGROUP   M=CnsDiGrph ACBP=A9
 0002:00020248 00000008 C=BSS      S=.bss     G=DGROUP   M=CnsCRtl  ACBP=A9
 0002:00020250 00000004 C=BSS      S=.bss     G=DGROUP   M=CnsQuantz ACBP=A9
 0002:00020254 00000004 C=BSS      S=.bss     G=DGROUP   M=CnsTransf ACBP=A9
 0002:00020258 00000004 C=BSS      S=.bss     G=DGROUP   M=CnsTifGr ACBP=A9
 0002:0002025C 00000010 C=BSS      S=.bss     G=DGROUP   M=CnsCLib  ACBP=A9
 0002:0002026C 00000004 C=BSS      S=.bss     G=DGROUP   M=CnsJpgGr ACBP=A9
 0002:00020270 00000008 C=BSS      S=.bss     G=DGROUP   M=untAbertura ACBP=A9


  Address         Publics by Name

 0002:0000091C       ..
 0002:00003588       ..
 0001:000A2338       ..
 0002:000041C4       ..
 0002:00003770       ..
 0001:000A1A10       ..
 0001:000A1388       ..
 0002:000042F0       ..
 0001:000A8228       ..
 0002:00004340       ..
 0001:000A0B84       ..
 0001:000A0648       ..
 0002:0001BEB0       ..
 0002:000008C8       ..
 0001:000A04EC       ..
 0001:0009F9BC       ..
 0001:0009F194       ..
 0001:000939E4       ..
 0001:000A38BC       ..
 0002:000031E8       ..
 0002:00002DCC       ..
 0001:0009E1E8       ..
 0001:0009E0D8       ..
 0001:0009C15C       ..
 0001:000A2850       ..
 0001:0009AC08       ..
 0001:0017402C       ..
 0002:000074D0       ..
 0002:0000096C       ..
 0001:00092D80       ..
 0001:00093F48       ..
 0002:0000137C       ..
 0001:000298DC       ..
 0001:0009440C       ..
 0001:00094B4C       ..
 0001:001B3FB0       ..
 0002:00002DDC       ..
 0001:00095874       ..
 0002:000014A8       ..
 0002:00002FE8       ..
 0002:00020260       ..
 0002:00006FA8       ..
 0001:0009A938       ..
 0002:00002E5C       ..
 0001:00096400       ..
 0001:000969EC       ..
 0002:0001BE38       ..
 0001:00096F94       ..
 0001:0009A644       ..
 0002:0001BD80       ..
 0002:00002EDC       ..
 0001:000995B4       ..
 0001:00097BDC       ..
 0001:00098EDC       ..
 0002:00020214       .1
 0002:0001FD44       .1
 0002:0001ECEC       .1
 0002:0001FB40       .1
 0002:0001F5E4       .1
 0002:0001E674       .1
 0002:0001FD0C       .1
 0002:0001E840       .1
 0002:0001E890       .1
 0002:0001E8E4       .1
 0002:0001E8C8       .1
 0002:00020248       .1
 0002:0001F7BC       .1
 0002:0001F7C0       .1
 0002:0001F9F0       .1
 0002:0001F7C4       .1
 0002:0001F890       .1
 0002:0001E67C       .1
 0002:0002025C       .1
 0002:0001E8A4       .1
 0002:0001E8A8       .1
 0002:0001FBEC       .1
 0002:0001FA18       .1
 0002:0001E8AC       .1
 0002:0001E8BC       .1
 0002:0001F7B8       .1
 0002:0001FB04       .1
 0002:0001FA10       .1
 0002:0001FAFC       .1
 0002:0001FAF8       .1
 0002:0001FE20       .1
 0002:0001F95C       .1
 0002:0001F7B4       .1
 0002:0001F7B0       .1
 0002:0001F804       .1
 0002:0001FBB8       .1
 0002:0001F650       .1
 0002:0001FAD8       .1
 0002:0001F67C       .1
 0002:0001F690       .1
 0002:0001FC74       .1
 0002:0001F814       .1
 0002:0001E7A0       .1
 0002:0001FAD0       .1
 0002:0001F6C4       .1
 0002:00020250       .1
 0002:0001F798       .1
 0002:0001F7A8       .1
 0002:0001E66C       .1
 0002:0001FC3C       .1
 0002:0001F854       .1
 0002:0001FA14       .11
 0002:0001F7C8       .11
 0002:0001F5EC       .12
 0002:00020254       .12
 0002:0001F800       .12
 0002:0001F878       .2
 0002:0001FBA0       .2
 0002:0001FA00       .2
 0002:0001F80C       .2
 0002:0001F9FC       .2
 0002:0001F694       .2
 0002:0001FADC       .2
 0002:0001FAEC       .2
 0002:0001FB08       .2
 0002:0001FB0C       .2
 0002:0001FBF4       .2
 0002:0001FB1C       .2
 0002:0001FB20       .2
 0002:0001FB24       .2
 0002:0001FBE4       .2
 0002:0001FBE0       .2
 0002:0001FE1C       .2
 0002:0001FE14       .2
 0002:0001F648       .2
 0002:00020218       .2
 0002:0001ED30       .2
 0002:0001FB90       .2
 0002:0001E8C4       .2
 0002:0001FBA4       .2
 0002:0001E89C       .2
 0002:0001FCFC       .2
 0002:00020274       .2
 0002:0001FCF8       .2
 0002:0001F64C       .21
 0002:0001FAE0       .21
 0002:0001FC4C       .21
 0002:0001F9F8       .21
 0002:0002023C       .3
 0002:0001E8E8       .3
 0002:0001ED28       .3
 0002:0001FD00       .3
 0002:0001ED2C       .3
 0002:0001E678       .3
 0002:0001FB7C       .3
 0002:0001F69C       .3
 0002:0001F920       .3
 0002:0001F848       .3
 0002:0001E848       .3
 0002:0001FB38       .3
 0002:0001FB30       .3
 0002:0001FB2C       .3
 0002:0001FB28       .3
 0002:0001FB18       .3
 0002:0001FC54       .3
 0002:0001FD30       .3
 0002:0001F9F4       .3
 0002:0001FAE8       .3
 0002:0001FB98       .3
 0002:0001FB9C       .3
 0002:0002026C       .3
 0002:0001F6A0       .3
 0002:0001FB58       .31
 0002:0001E790       .35
 0002:0001F868       .36
 0002:0001E8C0       .4
 0002:0001F7AC       .4
 0002:0001FBDC       .4
 0002:0001FC48       .4
 0002:0001FC88       .4
 0002:0001FB84       .4
 0002:0001E894       .4
 0002:0001FB3C       .4
 0002:0001F818       .4
 0002:0001FC58       .4
 0002:00020258       .4
 0002:0001F944       .41
 0002:0001FB44       .41
 0002:0001F880       .42
 0002:0001E858       .45
 0002:0001FAF0       .5
 0002:0001F850       .5
 0002:0001FA04       .5
 0002:0001E5BC       .5
 0002:0001E7FC       .5
 0002:0001FC44       .5
 0002:0001FC40       .5
 0002:0001FC7C       .5
 0002:0001F9EC       .6
 0002:0001FD04       .6
 0002:0001F6D8       .6
 0002:0001FBE8       .6
 0002:0001FB94       .6
 0002:0001FD28       .6
 0002:0001E844       .6
 0002:0001FCA0       .61
 0002:0001ED50       .7
 0002:0001FC9C       .7
 0002:0001FBBC       .7
 0002:0001FA0C       .7
 0002:0001FB00       .71
 0002:0001F858       .72
 0002:0001F8A4       .72
 0002:0001F884       .73
 0002:0001F864       .8
 0002:0001FB34       .8
 0002:0001F84C       .8
 0002:0001F91C       .8
 0002:0001E820       .81
 0002:0001FD64       .82
 0002:0001FC04       .84
 0002:0001FA08       .9
 0002:0001FBC8       .9
 0002:0001F934       .9
 0001:00001D00       @AbstractError
 0001:00004468       @AddRefArray
 0001:00004420       @AddRefRecord
 0001:00002CC4       @AfterConstruction
 0001:00002AF8       @AsClass
 0001:0000375C       @Assert
 0001:0000213C       @AStrCmp
 0001:00002CD4       @BeforeDestruction
 0001:00002880       @BoundErr
 0001:00002B44       @CallDynaInst
 0001:000054E0       @CheckAutoResult
 0001:00002C6C       @ClassCreate
 0001:00002CBC       @ClassDestroy
 0001:00002038       @Close
 0001:000018EC       @Copy
 0001:0000465C       @CopyArray
 0001:00004540       @CopyRecord
 0001:000047C8       @DispCallByIDError
 0001:0000F994       @DispInvokeError
 0001:00004764       @Dispose
 0001:00003214       @DoneExcept
 0001:00004D48       @DynArrayAddRef
 0001:00004D20       @DynArrayAsg
 0001:00004CE4       @DynArrayClear
 0001:00004B24       @DynArrayHigh
 0001:00004B1C       @DynArrayLength
 0001:00004CD8       @DynArraySetLength
 0001:000032FC       @ExceptionHandler
 0001:00001C84       @EXP
 0001:000021AC       @FillChar
 0001:00004414       @Finalize
 0001:00004328       @FinalizeArray
 0001:000042DC       @FinalizeRecord
 0001:00002B5C       @FindDynaInst
 0001:0000202C       @Flush
 0001:00002874       @FpuInit
 0001:000027B0       @FpuMaskInit
 0001:00001CAC       @FRAC
 0001:00001774       @FreeMem
 0001:00001754       @GetMem
 0001:00005B1C       @GetTls
 0001:00003744       @Halt
 0001:0000366C       @Halt0
 0001:00002DE8       @HandleAnyException
 0001:000030D4       @HandleAutoException
 0001:0000309C       @HandleFinally
 0001:00002F14       @HandleOnException
 0001:00027B20       @inflate_fast
 0001:000A7A2C       @inflate_fast
 0001:000A75BC       @inflate_table
 0001:00029468       @inflate_table
 0001:00005B68       @InitExe
 0001:000042D0       @Initialize
 0001:0000423C       @InitializeArray
 0001:0000420C       @InitializeRecord
 0001:00003530       @InitImports
 0001:00003508       @InitResStringImports
 0001:000034E4       @InitResStrings
 0001:000019A8       @Insert
 0001:00005444       @IntfAddRef
 0001:00005414       @IntfCast
 0001:000053D0       @IntfClear
 0001:000053E8       @IntfCopy
 0001:00002888       @IntOver
 0001:00002AD4       @IsClass
 0001:00002780       @isNECWindows
 0001:0009E028       @jcopy_block_row
 0001:0009DFDC       @jcopy_sample_rows
 0001:0009DFB4       @jdiv_round_up
 0001:00097B48       @jinit_1pass_quantizer
 0001:00098DBC       @jinit_2pass_quantizer
 0001:000A17C4       @jinit_color_converter
 0001:00096DC8       @jinit_color_deconverter
 0001:0009F0E8       @jinit_compress_master
 0001:000A12C0       @jinit_c_coef_controller
 0001:000A05C4       @jinit_c_main_controller
 0001:000A0424       @jinit_c_master_control
 0001:000A0ADC       @jinit_c_prep_controller
 0001:000A21B0       @jinit_downsampler
 0001:0009A530       @jinit_d_coef_controller
 0001:000994D4       @jinit_d_main_controller
 0001:0009A8A4       @jinit_d_post_controller
 0001:000A27D4       @jinit_forward_dct
 0001:000963C0       @jinit_huff_decoder
 0001:000A4518       @jinit_huff_encoder
 0001:00093F00       @jinit_input_controller
 0001:0009AB8C       @jinit_inverse_dct
 0001:0009DE58       @jinit_marker_reader
 0001:0009F968       @jinit_marker_writer
 0001:00094B14       @jinit_master_decompress
 0001:000938AC       @jinit_memory_mgr
 0001:0009696C       @jinit_merged_upsampler
 0001:00095800       @jinit_phuff_decoder
 0001:000A32E0       @jinit_phuff_encoder
 0001:0009B0EC       @jinit_upsampler
 0001:0009E048       @jpeg_abort
 0001:0009E0C0       @jpeg_alloc_huff_table
 0001:0009E0A8       @jpeg_alloc_quant_table
 0001:000A3590       @jpeg_fdct_float
 0001:000A3324       @jpeg_fdct_ifast
 0001:00095CA8       @jpeg_fill_bit_buffer
 0001:000939B8       @jpeg_free_large
 0001:000939A8       @jpeg_free_small
 0001:000A425C       @jpeg_gen_optimal_table
 0001:000939B0       @jpeg_get_large
 0001:000939A0       @jpeg_get_small
 0001:00095DF4       @jpeg_huff_decode
 0001:0009C120       @jpeg_idct_1x1
 0001:0009BF30       @jpeg_idct_2x2
 0001:0009BB7C       @jpeg_idct_4x4
 0001:0009B304       @jpeg_idct_float
 0001:0009B748       @jpeg_idct_ifast
 0001:000A3A4C       @jpeg_make_c_derived_tbl
 0001:000959AC       @jpeg_make_d_derived_tbl
 0001:000939C0       @jpeg_mem_available
 0001:000939DC       @jpeg_mem_init
 0001:000939E0       @jpeg_mem_term
 0001:000939CC       @jpeg_open_backing_store
 0001:0009DD24       @jpeg_resync_to_restart
 0001:0009EEAC       @jpeg_suppress_tables
 0001:0009DFC4       @jround_up
 0001:0009E038       @jzero_far
 0001:00001930       @LGetDir
 0001:00003CCC       @LStrAddRef
 0001:00003824       @LStrArrayClr
 0001:00003854       @LStrAsg
 0001:00003AE4       @LStrCat
 0001:00003B28       @LStrCat3
 0001:00003B9C       @LStrCatN
 0001:00003800       @LStrClr
 0001:00003C28       @LStrCmp
 0001:00003D3C       @LStrCopy
 0001:00003D7C       @LStrDelete
 0001:00003A70       @LStrFromArray
 0001:000039E8       @LStrFromChar
 0001:000039F8       @LStrFromPChar
 0001:000038F0       @LStrFromPCharLen
 0001:00003A28       @LStrFromPWChar
 0001:0000395C       @LStrFromPWCharLen
 0001:00003A64       @LStrFromString
 0001:00003A88       @LStrFromWArray
 0001:00003AA4       @LStrFromWStr
 0001:00003DC4       @LStrInsert
 0001:00003898       @LStrLAsg
 0001:00003ADC       @LStrLen
 0001:00003ECC       @LStrOfChar
 0001:00003E20       @LStrPos
 0001:00003E68       @LStrSetLength
 0001:00003CDC       @LStrToPChar
 0001:00003AB8       @LStrToString
 0001:00004750       @New
 0001:000038C4       @NewAnsiString
 0001:00003F28       @NewWideString
 0001:00001C1C       @Pos
 0001:00002494       @Pow10
 0001:000020B8       @PStrCmp
 0001:00002090       @PStrCpy
 0001:0000209C       @PStrNCpy
 0001:000031C0       @RaiseAgain
 0001:00003198       @RaiseExcept
 0001:000021CC       @RandInt
 0001:00001794       @ReallocMem
 0001:00001D74       @RewritText
 0001:00001CD0       @ROUND
 0001:00003750       @RunError
 0001:00002448       @SetElem
 0001:0000246C       @SetEq
 0001:00001C5C       @SetLength
 0001:00002480       @SetUnion
 0001:00001C9C       @SIN
 0001:000034A4       @StartExe
 0001:0000032C       @strlen
 0001:00001CDC       @TRUNC
 0001:00003244       @TryFinallyExit
 0001:00003D34       @UniqueStringA
 0001:000048EC       @ValInt64
 0001:000021E8       @ValLong
 0001:000140D8       @VarAddRef
 0001:00004450       @VarAddRef
 0001:00010274       @VarCast
 0001:0000FC80       @VarClear
 0001:00004310       @VarClr
 0001:0000FC94       @VarClr
 0001:00004528       @VarCopy
 0001:0000FFA8       @VarCopy
 0001:00013FB8       @VarFromBool
 0001:00013E44       @VarFromByte
 0001:00014008       @VarFromCurr
 0001:00013F60       @VarFromCurrency
 0001:00013F8C       @VarFromDate
 0001:000140AC       @VarFromDisp
 0001:00013F34       @VarFromDouble
 0001:00013DE8       @VarFromInt
 0001:00013EE4       @VarFromInt64
 0001:00013E24       @VarFromInteger
 0001:00014080       @VarFromIntf
 0001:00013E84       @VarFromLongWord
 0001:0001401C       @VarFromLStr
 0001:00013FE0       @VarFromReal
 0001:00013EA4       @VarFromShortInt
 0001:00013F10       @VarFromSingle
 0001:00013EC4       @VarFromSmallInt
 0001:00013FF4       @VarFromTDateTime
 0001:00013E64       @VarFromWord
 0001:00014048       @VarFromWStr
 0001:0000F9E8       @VarNull
 0001:000116F8       @VarToBoolean
 0001:00010B38       @VarToByte
 0001:000128BC       @VarToCurrency
 0001:00012354       @VarToDate
 0001:00013D3C       @VarToDisp
 0001:00011C00       @VarToDouble
 0001:000110FC       @VarToInt64
 0001:00010638       @VarToInteger
 0001:00013C70       @VarToIntf
 0001:00010DB0       @VarToLongWord
 0001:00012F70       @VarToLStr
 0001:00010A88       @VarToShortInt
 0001:00011F7C       @VarToSingle
 0001:00010BE0       @VarToSmallInt
 0001:00010CD8       @VarToWord
 0001:00013698       @VarToWStr
 0001:00003EF8       @Write0LString
 0001:00002300       @WriteBytes
 0001:000023D0       @WriteLn
 0001:00003F00       @WriteLString
 0001:00002354       @WriteSpaces
 0001:000041EC       @WStrAddRef
 0001:00003F68       @WStrArrayClr
 0001:00003F8C       @WStrAsg
 0001:00003F50       @WStrClr
 0001:000040D8       @WStrCmp
 0001:0000415C       @WStrCopy
 0001:000040AC       @WStrFromLStr
 0001:00003FB0       @WStrFromPCharLen
 0001:00004070       @WStrFromPWChar
 0001:0000403C       @WStrFromPWCharLen
 0001:00004060       @WStrFromWChar
 0001:000040CC       @WStrLen
 0001:000041A8       @WStrSetLength
 0001:000040BC       @WStrToPWChar
 0001:00002424       @_CLenToPasStr
 0001:00002418       @_CToPasStr
 0001:000018BC       @_IOTest
 0001:000047F4       @_lldiv
 0001:00004870       @_llmod
 0001:000047D0       @_llmul
 0001:0002AAD4       @_tr_align
 0001:0002ADA0       @_tr_flush_block
 0001:000298E0       @_tr_init
 0001:0002AA18       @_tr_stored_block
 0001:0000C48C       Abort
 0001:0006C804       AbsMin
 0001:0000C858       AbstractErrorHandler
 0002:0001E02C       AbstractErrorProc
 0002:00002B6C       acAlignmentArray
 0001:000D4ACC       acAlphaHints
 0001:000BCDA0       acAlphaImageList
 0002:00006CAC       acAnimBmp
 0002:00006CB0       acAnimBmp2
 0002:00002CEC       acAnimCount
 0002:00002CF4       acArrowSize
 0002:00006D7C       acAuxReplacement
 0002:00002C04       acBtnEvents
 0002:00006EA8       acCanHookMenu
 0002:00000148       AccessMode
 0002:00006420       acCharImages
 0001:0014FE44       acCharIn
 0002:00003730       acCheckGlyphs
 0001:0012D6AC       acCheckTopWindows
 0001:001215DC       acClientRect
 0001:0011A78C       acColorToRGB
 0001:00119ED8       acCos
 0001:0015C190       acCreatePen
 0002:0001FC90       acCtrlRects1
 0002:00002D18       acCurrentScaleMode
 0002:00006D54       acCustomColors
 0002:00006340       acDefaultSmoothingMode
 0002:00006F74       acDefProp
 0002:00002CD4       acDialogPosIsCenter
 0001:000DC81C       acDials
 0001:001508D4       acDirExists
 0002:0001FBF8       acDlgMode
 0001:001125C4       acDrawGlowForText
 0001:000C4CD4       acDrawGlyphEx
 0001:001124B4       acDrawText
 0002:0001FD4C       acEditorSkinFile
 0001:00150024       acExtractWord
 0002:00002BF4       acFillModes
 0001:00150948       acFindClose
 0001:00150904       acFindFirst
 0001:0015092C       acFindNext
 0001:0011A54C       acFontStore
 0001:000A8B58       acGDIBegin
 0001:000A8BA8       acGDIEnd
 0002:0001FA9C       acGdipBitmapCreateApplyEffect
 0002:0001FA68       acGdipBitmapLockBits
 0002:0001FA70       acGdipBitmapUnlockBits
 0002:0001FAA4       acGdipCreateBitmapFromHBITMAP
 0002:0001FA6C       acGdipCreateBitmapFromScan0
 0002:0001FA84       acGdipCreateEffect
 0002:0001FA30       acGdipCreateFromHDC
 0002:0001FAA0       acGdipCreateHBITMAPFromBitmap
 0002:0001FA74       acGdipCreateLineBrush
 0002:0001FA8C       acGdipCreatePathGradient
 0002:0001FA34       acGdipCreatePen1
 0002:0001FA38       acGdipCreateSolidFill
 0002:0001FA7C       acGdipDeleteBrush
 0002:0001FA58       acGdipDeleteGraphics
 0002:0001FA80       acGdipDeletePen
 0002:0001FA64       acGdipDisposeImage
 0002:0001FA4C       acGdipDrawArc
 0002:0001FAC4       acGdipDrawBeziers
 0002:0001FA40       acGdipDrawEllipse
 0002:0001FAC8       acGdipDrawImagePoints
 0002:0001FAA8       acGdipDrawImageRectRect
 0002:0001FA48       acGdipDrawLine
 0002:0001FABC       acGdipDrawPolygon
 0002:0001FA44       acGdipFillEllipse
 0002:0001FAC0       acGdipFillPolygon
 0002:0001FA78       acGdipFillRectangle
 0002:0001FAB8       acGdipGetFamilyName
 0002:0001FAB4       acGdipGetFontCollectionFamilyList
 0002:0001FA54       acGdiplusShutdown
 0002:0001FA50       acGdiplusStartup
 0002:0001FAAC       acGdipNewPrivateFontCollection
 0002:0001FAB0       acGdipPrivateAddFontFile
 0002:0001FA60       acGdipSetCompositingMode
 0002:0001FA5C       acGdipSetCompositingQuality
 0002:0001FA88       acGdipSetEffectParameters
 0002:0001FACC       acGdipSetInterpolationMode
 0002:0001FA90       acGdipSetPathGradientCenterColor
 0002:0001FA94       acGdipSetPathGradientSurroundColorsWithCount
 0002:0001FA3C       acGdipSetSmoothingMode
 0002:0001FBF0       acgEffects
 0001:0015C06C       acGetActualAddr
 0001:0014FAAC       acGetAnimation
 0001:0010DDE0       acGetLayout
 0001:0015C338       acGetSysColor
 0001:0015C4C0       acGetSysColorBrush
 0001:00112560       acGetTextExtent
 0001:0014F4F8       acGetTitleFont
 0001:000E1EC8       acGlow
 0002:00006424       acGlyphsResNames
 0001:000A9074       acgpBlur
 0001:000A8BC4       acgpDrawLine
 0001:000A9528       acgpDrawPolygon
 0001:000A96C4       acgpDrawRotatedBitmap
 0001:000A93E8       acgpGradientRectangle
 0001:000A91E8       acgpGradientRectangleH
 0001:000A92E8       acgpGradientRectangleV
 0001:000A962C       acgpRotatePoints
 0001:000A8D34       acgpStretchRect
 0001:000A8CD0       acgpStretchRect
 0001:000A9928       acgpUtils
 0002:00006C94       acGraphPainting
 0002:0000649C       aChars
 0002:00006C9C       acHideTimer
 0002:00006724       acHintWindow
 0001:0015C0A4       acHookProc
 0002:00002CE8       acHtmlStdBreak
 0002:00002CE4       acIgnoreMenuOwnerDraw
 0001:0014F1A4       acImage
 0002:00002BEC       acImgTypes
 0002:00006C4C       acIntController
 0002:00006C48       acLabelFontChanging
 0001:0010DCFC       acLayered
 0002:00002CF8       acLineWidth
 0002:0000635C       acListsArray
 0001:00090A68       acLoadResStr
 0001:00090AFC       acLoadResStr
 0002:00006730       acLocalUpd
 0002:00002D10       acMagnForm
 0002:00006758       acMinThumbSize
 0001:0011ACA8       acMouseInControl
 0001:001271B4       acMouseInControl
 0001:0011AEBC       acMouseInControlDC
 0001:0011A770       acMousePos
 0001:000A4E80       acntTypes
 0001:00150B48       acntUtils
 0001:00112ACC       acPaintLine
 0001:00119A74       acPaintStdBtn
 0001:000C0C60       acPathDialog
 0001:000CF838       acPNG
 0001:0010C9BC       acPopupController
 0001:000BF2F4       acPopupCtrls
 0002:00002CD8       acPreviewHandle
 0002:00002CDC       acPreviewNeeded
 0002:00006EE4       acPropsArray
 0001:00001824       AcquireExceptionObject
 0002:00003728       acRadioGlyphs
 0002:00006438       acResImages
 0001:000C11A8       acResImgList
 0001:001063F8       acSBUtils
 0002:00002CF0       acScrollBtnLength
 0002:000036F0       acScrollBtns
 0002:00003700       acScrollParts
 0002:00003720       acScrollSliders
 0002:00006D8C       acSectNames
 0001:0014FADC       acSetAnimation
 0001:0010DDCC       acSetLayout
 0002:0001FA98       acSetPenBrushFill
 0001:000C0BDC       acShellCtrls
 0002:0001FD08       acSHGetFileInfo
 0001:0011D330       acShowHintWnd
 0001:00119F44       acSin
 0002:00002CE0       acSkinPreviewUpdating
 0002:0000373C       acSmallChecks
 0002:0001FBD0       acSupportedList
 0001:0014F464       acSysParamInfo
 0002:0001F998       acs_AvailSkins
 0002:0001F990       acs_Calculator
 0002:0001F98C       acs_CloseStr
 0002:0001F9A4       acs_ColorDlgAdd
 0002:0001F9AC       acs_ColorDlgAddPal
 0002:0001F9BC       acs_ColorDlgBlue
 0002:0001F9C0       acs_ColorDlgDecimal
 0002:0001F9A8       acs_ColorDlgDefine
 0002:0001F9B8       acs_ColorDlgGreen
 0002:0001F9C4       acs_ColorDlgHex
 0002:0001F9B4       acs_ColorDlgRed
 0002:0001F9B0       acs_ColorDlgTitle
 0002:0001F9DC       acs_Create
 0002:0001F9E0       acs_DirWithSkins
 0002:0001F994       acs_FileOpen
 0002:0001F9CC       acs_Font
 0002:0001F9D0       acs_FontColor
 0002:0001F9C8       acs_FrameAdapterError1
 0002:0001F99C       acs_InternalSkin
 0002:0001F9A0       acs_InvalidDate
 0002:0001F988       acs_MaximizeStr
 0002:0001F984       acs_MinimizeStr
 0002:0001F97C       acs_MoveStr
 0002:0001F970       acs_MsgDlgCancel
 0002:0001F974       acs_MsgDlgHelp
 0002:0001F96C       acs_MsgDlgOK
 0002:0001F978       acs_RestoreStr
 0002:0001F9D4       acs_Root
 0002:0001F9D8       acs_SelectDir
 0002:0001F9E4       acs_SelectSkinTitle
 0002:0001F980       acs_SizeStr
 0002:0001F9E8       acs_SkinPreview
 0002:000036B0       acTabSections
 0002:00006750       acTabSides
 0001:0011252C       acTextExtent
 0001:0011250C       acTextHeight
 0001:00112544       acTextRect
 0001:001124F0       acTextWidth
 0001:0010C774       acThdTimer
 0001:00122218       acThemesEnabled
 0002:0001FC84       acThemeServices
 0002:00003648       acThirdNames
 0001:0003F690       ActicatePage
 0001:000E14C0       acTitleBar
 0002:00006E60       acTitleGlyphs
 0001:0001819C       ActivateClassGroup
 0002:0001EE98       ActivateEurekaLog
 0001:000064B8       ActivateKeyboardLayout
 0002:0001F8D8       ActiveDrag
 0001:0010BB6C       ActiveLink
 0001:00015B88       ActiveX
 0001:0007BADC       ActnList
 0001:0015C0FC       acUnhookProc
 0002:00003710       acUpDownBtns
 0002:0001F960       acWinVer
 0001:001500A8       acWordCount
 0001:0014FE58       acWordPosition
 0001:0011D54C       acWorkRect
 0001:0011D564       acWorkRect
 0001:00112F6C       acWriteText
 0001:00112F48       acWriteTextEx
 0001:00112F20       acWriteTextEx
 0001:000A8A7C       acZLibEx
 0002:00002D38       ac_AllowHotEdits
 0001:000E58F0       Ac_CalcThumbSize
 0002:00002D34       ac_ChangeThumbPreviews
 0002:00002D30       ac_DialogsLevel
 0001:000E5AC0       ac_DrawScrollBtn
 0001:000E5CA0       ac_DrawSlider
 0002:0001FC8C       ac_GetDpiForMonitor
 0001:000E7FD8       Ac_GetHorzPortion
 0001:000E7D44       Ac_GetHorzScrollPortion
 0001:000E5624       ac_GetHScrollRect
 0001:000E8060       Ac_GetPortion
 0001:000E80B0       Ac_GetRealHorzScrollRect
 0001:000E80E4       Ac_GetRealScrollRect
 0001:000E80C8       Ac_GetRealVertScrollRect
 0001:000E4F64       Ac_GetScrollBarFromHwnd
 0002:0001FC38       Ac_GetScrollBarInfo
 0001:000E4F4C       Ac_GetScrollWndFromHwnd
 0001:000E33EC       ac_GetSysFont
 0001:0012B1B4       ac_GetSysMetrics
 0002:0001FCF4       ac_GetSystemMetricsForDpi
 0001:000E801C       Ac_GetVertPortion
 0001:000E7E90       Ac_GetVertScrollPortion
 0001:000E56C0       ac_GetVScrollRect
 0001:000E5758       Ac_GripVisible
 0002:0001FC00       Ac_InitializeFlatSB
 0001:000E5810       Ac_IsScrollbarActive
 0001:000E57F8       Ac_IsScrollInfoActive
 0002:00002D20       ac_KeepOwnFont
 0001:000E8A28       Ac_LButtonUp
 0001:000E80F8       Ac_MouseMove
 0001:000E7240       Ac_NCCalcSize
 0001:000E6CA4       ac_NCDraw
 0001:000E5D98       Ac_NCDrawHScrollbar
 0001:000E71F8       Ac_NCDrawScrollbar
 0001:000E6544       Ac_NCDrawVScrollbar
 0001:000E836C       Ac_NCHitTest
 0001:000E874C       Ac_NCLButtonDown
 0001:000E827C       Ac_NCMouseMove
 0001:000E74F8       Ac_Notify
 0002:00002D24       ac_OldGlyphsMode
 0001:000E4D7C       Ac_RedrawNonClient
 0001:000E8314       Ac_SetCursor
 0001:000E4F90       Ac_SetMinThumbSize
 0002:0001FC80       Ac_SetWindowTheme
 0001:000E832C       Ac_StyleChange
 0002:0001FD18       ac_SystemParametersInfoForDpi
 0001:000E7510       Ac_ThumbTrackHorz
 0001:000E78F8       Ac_ThumbTrackVert
 0001:000E8E34       Ac_Timer
 0002:0001FBFC       Ac_UninitializeFlatSB
 0002:00002D1C       ac_UseSysCharSet
 0001:001605E4       AddAlpha
 0001:00000460       AddBlockAfter
 0001:00048E50       AddCallerCallStack
 0001:0015035C       AddChar
 0002:000003CC       AddDataModule
 0001:00025CCC       AddDNS
 0001:000FED10       AddedWidth
 0001:000C5DC0       AddedWidth
 0001:00007DE8       AddExitProc
 0001:001598D8       AddExtItem
 0001:0001BCE0       AddFinished
 0001:000061F8       AddFontMemResourceEx
 0001:0007F340       AddIn
 0001:0015D064       AddItem
 0001:0003B478       AddModule
 0001:00005264       AddModuleUnloadProc
 0001:00005274       AddModuleUnloadProc
 0001:0001BD18       AddNotFinished
 0001:0014FC0C       AddPadding
 0001:0010E928       AddRgn
 0001:0010E7D4       AddRgnBmp
 0001:0001C73C       AddSubComponentsToLoaded
 0001:000D5690       AddSupportedForm
 0001:0001EBE4       AddThread
 0001:0011B04C       AddToAdapter
 0001:0015B8C4       AddToArray
 0001:0003B5E4       AddToStack
 0001:00030584       AddValueField
 0001:000515B0       AdjustColor
 0001:0003F5E0       AdjustDialog
 0001:0003D2A0       AdjustFlatStyle
 0001:0008653C       Adjustment
 0001:000064C0       AdjustWindowRectEx
 0001:000A7F20       adler32
 0001:00026990       adler32
 0001:0012CE10       AeroIsEnabled
 0001:00042100       AfterScreenshot
 0001:00041E30       AfterScreenshotToStream
 0001:0014F9E4       Alert
 0002:000067B0       Alignments
 0002:00002A14       Alignments
 0002:00002750       Alignments
 0002:00002A24       Alignments
 0002:00006EB8       AlignToInt
 0002:00006C78       AlignToInt
 0001:00071E88       AlignWork
 0001:0008D50C       AlignWork
 0001:0002043C       AllocateHWnd
 0001:00007D9C       AllocMem
 0002:0001E5B4       AllocMemCount
 0002:0001E5B8       AllocMemSize
 0001:00056C64       AllocPatternBitmap
 0001:00005AC4       AllocTlsBuffer
 0001:00151518       AllowRedrawCB
 0001:001215B4       AlphaBroadCast
 0001:00121474       AlphaBroadCast
 0001:000E3810       AlphaBroadCastCheck
 0002:00002800       AnchorAlign
 0002:0001FB78       aNdx
 0002:000027F4       AnimateWindowProc
 0002:000028FC       AnimationStyle
 0001:00106AD4       AnimChange
 0001:0011D0F0       AnimHideDlg
 0001:0011CB7C       AnimHideForm
 0001:0011EE60       AnimShowControl
 0001:0011DDBC       AnimShowDlg
 0001:0011BFCC       AnimShowForm
 0001:0011EC34       Anim_DoNext
 0001:0011BB44       Anim_DoNext
 0001:0011D9E4       Anim_DoNext
 0001:0011BE08       Anim_GoToNext
 0001:0011DCA8       Anim_GoToNext
 0001:0011EDF0       Anim_GoToNext
 0001:0011B974       Anim_Init
 0001:0011EB18       Anim_Init
 0001:0011D830       Anim_Init
 0001:0000D198       AnsiCompareFileName
 0001:00007FC8       AnsiCompareStr
 0001:00008000       AnsiCompareText
 0001:00008910       AnsiLastChar
 0001:000064C8       AnsiLower
 0001:00007F94       AnsiLowerCase
 0001:0000D218       AnsiLowerCaseFileName
 0001:000064D0       AnsiNext
 0001:0000D160       AnsiPos
 0001:00083D38       AnsiSameCaption
 0001:00008038       AnsiSameText
 0001:00008050       AnsiStrLIComp
 0001:0000D2A4       AnsiStrPos
 0001:0000D344       AnsiStrRScan
 0001:0000D36C       AnsiStrScan
 0002:0002024C       AnsiTokPtr
 0001:00005860       AnsiToUtf8
 0001:00007F60       AnsiUpperCase
 0001:00013BF8       AnyToIntf
 0001:00151838       AppBroadCastS
 0001:0000A6CC       AppendChars
 0001:0000AA90       AppendFormat
 0001:0000A730       AppendNumber
 0001:0000A710       AppendString
 0002:00002BCC       aPPIArray
 0002:0001FD1C       AppIcon
 0002:0001FD20       AppIconLarge
 0002:0001F93C       Application
 0002:000003DC       ApplicationHandleException
 0001:0003BB1C       ApplicationRestore
 0002:000003E4       ApplicationShowException
 0002:0001F968       AppShowHint
 0002:00002B5C       AppVisible
 0001:001710B4       AreFlagsSet
 0002:00002BBC       aScalePercents
 0002:00002BDC       aSfxs
 0001:0003A81C       ASMAssigned
 0001:0000C83C       AssertErrorHandler
 0002:0001E024       AssertErrorProc
 0001:000153B0       AssignLongStr
 0001:0003C854       AssignPriority
 0001:00015914       AssignVariant
 0001:0016A27A       asSkinDecode
 0002:0000643C       aSysChars
 0001:00042DBC       AttachedFile
 0001:00043018       AttachedFiles
 0002:0001ED48       AttachedFilesRequest
 0002:0001EEA4       AutoCloseTimer
 0001:0003C2D0       AutoCloseTimerProc
 0002:0001E60C       avail
 0002:00006360       awFont
 0001:00008DF8       BackfillGetDiskFreeSpaceEx
 0001:0006F398       BackgroundClipped
 0001:0000E904       BackupVarBoolFromStr
 0001:0000EA64       BackupVarBStrFromBool
 0001:0000E984       BackupVarBStrFromCy
 0001:0000E9F4       BackupVarBStrFromDate
 0001:0000E898       BackupVarCyFromStr
 0001:0000E82C       BackupVarDateFromStr
 0001:0000E6E8       BackupVarI4FromStr
 0001:0000E694       BackupVariantChangeTypeEx
 0001:0000E754       BackupVarR4FromStr
 0001:0000E7C0       BackupVarR8FromStr
 0002:00006CEC       bacWheelFlag
 0001:0002C4D4       Base64Encode
 0001:00042A6C       Base64EncodeFromFile
 0001:0002C590       Base64EncodeStr
 0001:0002C5DC       Base64EncodeString
 0001:0002C5E4       Base64EncodeToString
 0002:00006CE8       bChangingFlag
 0002:00006788       bDroppedDown
 0001:0000CE30       Beep
 0001:000184F4       BeginGlobalLoading
 0001:000064D8       BeginPaint
 0001:000037B4       BeginThread
 0001:000515BC       BetterSize
 0001:0014FA40       Between
 0002:00006CE0       bFlag1
 0002:00006694       bFocusChanging
 0001:0010E64C       BGInfoToCI
 0002:0000674C       bGlowingDestroying
 0002:00006740       biClicked
 0002:00006C84       BidiAlign
 0001:000801B4       BiDiDraw
 0002:00006794       bInHitTest
 0001:0001EAD0       BinToHex
 0001:00022AFC       BinToStr
 0001:00006200       BitBlt
 0001:00112024       BitBltBorder
 0001:001177B8       BitBltRotated
 0002:00002654       BitBtnCaptions
 0002:0001F81C       BitBtnGlyphs
 0002:00002680       BitBtnModalResults
 0002:00002628       BitBtnResNames
 0002:000023AC       BitCounts
 0002:000023A4       BitmapCanvasList
 0002:0001F604       BitmapImageLock
 0001:0000E6D0       BiUnimplemented
 0001:00113EC0       BlendBmpByMask
 0001:000ACD28       BlendColorRect
 0001:00117CA8       BlendColors
 0001:000B1638       BlendGlyphByMask
 0001:000ACFFC       BlendRect32
 0001:00113DC8       BlendTransBitmap
 0001:00113B54       BlendTransRectangle
 0002:000004A0       BlockCode
 0002:0001E5E4       blockDescBlockList
 0002:0001E5E8       blockDescFreeList
 0001:00044BAC       BlockingSendInternetMessage
 0002:00006798       BlueRedText
 0001:00112D0C       Blur8
 0002:00006348       BlurEffectGuid
 0001:00112C14       BlurRow8
 0002:0001FCCC       bMode
 0001:000AD34C       BmpDisabledKind
 0001:0010CDE0       bmpRotate
 0001:00163B88       BMSearch
 0002:000003B0       BooleanIdents
 0002:0000032C       BooleanToStringRule
 0001:0000851C       BoolToStr
 0001:00012CF8       BoolToWStrViaOS
 0002:00002748       BorderStyles
 0001:0016EB30       BoundInteger
 0001:00005C80       Bounds
 0001:00017480       Bounds
 0001:00152178       Breaked
 0002:000029BC       Breaks
 0001:000D4DC8       BroadCastHwnd
 0002:0001F63C       BrushManager
 0001:00102FA8       BtnDrawRect
 0001:00091F10       BuildColorMap
 0001:00082AAC       BuildImage
 0001:00091E68       BuildPalette
 0002:00002458       ButtonCaptions
 0002:0000242C       ButtonNames
 0002:00002A38       Buttons
 0001:0005F1A4       Buttons
 0002:000027EC       ButtonStyles
 0002:0001F7D4       ButtonWidths
 0001:00050D9C       BytesPerScanline
 0001:000416D4       BytesSwap
 0001:000510F4       ByteSwapColors
 0001:0000CF14       ByteToCharIndex
 0001:0000CEEC       ByteToCharLen
 0001:0000CEB0       ByteType
 0001:0000CE38       ByteTypeTest
 0002:0001FC94       C1
 0002:0001FC98       C2
 0002:0001F924       CachedComCtrlVer
 0002:0001EF24       Cached_LogFile
 0001:0004B818       CalcAddr
 0001:00118B94       CalcButtonLayout
 0001:00041704       CalcCRC
 0001:00039638       CalcDuplicatedException
 0001:0002C4A8       CalcEncodedSize
 0001:000DF5A8       CalcItem
 0001:00020378       CalcJmpOffset
 0001:00079B48       CalcSplitterPos
 0001:0003A3D8       CallAttachedFilesRequest
 0001:0003A36C       CallCustomDataRequest
 0001:0003A444       CallCustomFieldsRequest
 0001:0003A180       CallExceptionActionNotify
 0001:00046320       CallExceptionActionNotify_atSavedLogFile
 0001:0004630C       CallExceptionActionNotify_atSavingLogFile
 0001:0004410C       CallExceptionActionNotify_atSendingEmail
 0001:00044134       CallExceptionActionNotify_atSendingWebMessage
 0001:00044120       CallExceptionActionNotify_atSentEmail
 0001:00044148       CallExceptionActionNotify_atSentWebMessage
 0001:00046568       CallExceptionActionNotify_atShowedExceptionInfo
 0001:00046554       CallExceptionActionNotify_atShowingExceptionInfo
 0001:00041360       CallExceptionActionNotify_atTerminating
 0001:0003A240       CallExceptionErrorNotify
 0001:00046334       CallExceptionErrorNotify_atSavedLogFile
 0001:0004415C       CallExceptionErrorNotify_atSentEmail
 0001:00044170       CallExceptionErrorNotify_atSentWebMessage
 0001:0003A11C       CallExceptionNotify
 0001:0003A4BC       CallModule_PasswordRequestEvent
 0001:000064E0       CallNextHookEx
 0001:0003A300       CallPasswordRequest
 0001:0003B7F0       CallStackByAddresses
 0001:0003E2D0       CallStackDialogProc
 0001:0000DB6C       CallTerminateProcs
 0001:000064E8       CallWindowProc
 0001:0004657C       CallWriteIntraWebText
 0001:0004A888       Call_HookedExceptionObject
 0001:0004A7C8       Call_HookedRaise
 0001:0004A908       Call_HookedRtlUnwind
 0002:0001EE59       CanAttachScreenshot
 0002:0001EE55       CanAttachScreenshot_Show
 0001:0006D83C       CancelDrag
 0001:00109888       CanCheckNext
 0001:00122DD8       CanClickShift
 0002:0001EE5A       CanCopy
 0002:0001EE56       CanCopy_Show
 0001:0003A578       CanExit
 0002:0001EE1D       CanHookLibraries
 0001:00048EB4       CanPauseThisThread
 0002:0001EE54       CanSendEmail_Show
 0002:0001EE58       CanSendMessage
 0002:0001EE57       CanSupport_Show
 0002:0001F8EC       CanvasList
 0002:0001F640       CanvasList
 0002:0001EF5C       CaptionFontName
 0001:000FED50       CaptionRect
 0002:00006D5C       Captions
 0002:00002404       Captions
 0002:0001F170       CAPTION_HEIGHT
 0002:000028B8       CaptureControl
 0002:00001F14       cBase64Codec
 0002:0000295C       cBooleanToItemAutoFlag
 0002:000074A8       CCustomTagValues
 0001:00056EDC       Ceil
 0002:00006C5C       CFilters
 0002:0001F80A       CF_COMPONENT
 0002:0001F808       CF_PICTURE
 0002:0000704C       CGetPixelArray
 0002:0001EDEC       CGIHandleException
 0002:0001EDAC       CGIOutputFile
 0002:00006ECC       ChangeableColors
 0002:0001E818       ChangeAnyProc
 0001:0006BDBC       ChangeBiDiModeAlignment
 0001:0010DBC8       ChangeBitmapPixels
 0001:0010DE10       ChangeBrightness
 0001:0010DCA4       ChangeColorBrightness
 0001:0010DCCC       ChangeColorHUE
 0001:0010DCB8       ChangeColorSaturation
 0001:0010DCE0       ChangeColorTone
 0001:00008990       ChangeFileExt
 0001:0010DFEC       ChangeHue
 0001:0010E3E0       ChangeHue
 0001:0014FA90       ChangeI
 0001:001293FC       ChangeProp
 0001:0015F160       ChangeProp
 0001:0012901C       ChangeProp
 0001:00162850       ChangeProp
 0001:00125DF4       ChangeProp
 0001:000A4DB4       ChangeProp
 0001:000BA1D4       ChangeProp
 0001:000BA220       ChangeProp
 0001:000BA2BC       ChangeProp
 0001:000BA3D8       ChangeProp
 0001:000E07F4       ChangeProp
 0001:000E0644       ChangeProp
 0001:000C352C       ChangeProp
 0001:000C3328       ChangeProp
 0001:000C143C       ChangeProp
 0001:0010DEFC       ChangeSaturation
 0001:0010DED8       ChangeSaturation
 0001:0015B544       ChangeSkinBrightness
 0001:0015BA58       ChangeSkinHue
 0001:0015B1AC       ChangeSkinSaturation
 0001:0010DDF4       ChangeTone
 0001:0010DD40       ChangeTone
 0001:000D3A74       ChangeValue
 0002:00002770       CharCases
 0002:000027A0       CharCases
 0001:00003920       CharFromWChar
 0001:00150A58       CharInSet
 0001:0000D0E8       CharLength
 0001:000064F0       CharLowerBuff
 0001:000064F8       CharNext
 0001:0000028C       CharNext
 0001:0004F474       CharsetToIdent
 0001:0000CFFC       CharToByteIndex
 0001:0000D060       CharToByteLen
 0001:00006500       CharToOemA
 0001:00006508       CharUpperBuff
 0001:0015AEC4       Checkbits
 0001:00051B84       CheckBool
 0001:00166024       CheckBorderWidth
 0001:00171B5C       CheckColorMap
 0002:0001FBB0       CheckDevEx
 0001:000AD24C       CheckEmptyAChannel
 0001:0002DD2C       CheckError
 0001:000EE4A4       CheckFont
 0001:000386C8       CheckForResult
 0001:0002216C       CheckIntoIDE
 0001:00002D64       CheckJmp
 0001:00122214       CheckLastError
 0001:00006510       CheckMenuItem
 0001:00109728       CheckNewLine
 0001:0013D158       CheckPopupForms
 0002:000029AC       Checks
 0001:00150530       CheckSetProp
 0001:001476A4       CheckSkinEvent
 0001:000E35D0       CheckSkinFont
 0001:000E3558       CheckSkinFont
 0001:000E34DC       CheckSkinFont
 0001:0001C778       CheckSubComponents
 0001:0001EBFC       CheckSynchronize
 0001:00085F70       CheckTaskWindow
 0001:0006D4F0       CheckUndock
 0001:0014EE4C       CheckValue
 0001:0000CD24       CheckWin32Version
 0001:0014DF2C       CheckWithForm
 0001:00126184       ChildBgIsChanged
 0001:001520BC       ChildIconPresent
 0002:00006CD8       ChildProvider
 0002:00000330       CInvalidCustomVariantType
 0002:00002960       cItemAutoFlagToBoolean
 0002:00002958       cItemAutoFlagToMenu
 0001:000C845C       ClampByte
 0001:000205C8       Classes
 0001:00017F2C       ClassNotFound
 0001:0011B860       CleanPixelsByRects
 0001:000D51E8       CleanSupportedList
 0002:0001E814       ClearAnyProc
 0001:00155638       ClearCache
 0001:0015E108       ClearCharlistCaches
 0001:0004ED04       ClearColor
 0001:0002C98C       ClearDirRec
 0001:000BFF6C       ClearExcepInfo
 0001:000E19A0       ClearGlows
 0001:00036298       ClearInternalError
 0001:000DC748       ClearMnuArray
 0001:0016A174       ClearStdScaleArray
 0001:00014414       ClearVariantTypeList
 0001:00033074       ClickOnSign
 0001:0014B334       ClientRgn
 0001:00006518       ClientToScreen
 0001:000770EC       ClientToWindow
 0001:0005CC78       Clipboard
 0002:0000239C       ClipboardFormats
 0001:0005CD64       Clipbrd
 0001:00145B68       CloneMenuitem
 0001:00006520       CloseClipboard
 0001:00005DC0       CloseHandle
 0001:0000022C       CloseHandle
 0001:0003961C       CloseLogFile
 0001:00042D30       CloseSendDialog
 0001:00024014       closesocket
 0001:00108120       CloseTag
 0002:0001F6E0       CloseThemeData
 0002:0001EDF4       CLXHandleException
 0002:0001EDF8       CLXShowException
 0002:0001E040       CmdLine
 0002:0001E03C       CmdShow
 0002:00002954       cMenuAutoFlagToItem
 0002:00002D14       cMenuCaption
 0001:0000E6DC       CmpUnimplemented
 0001:001B5E8C       CnsCLib
 0001:0017129C       CnsCRtl
 0001:00170B68       CnsDiGrph
 0001:001B6564       CnsJpgGr
 0001:0016EBF4       CnsMisc
 0001:0016E96C       CnsMsg
 0001:0016DF58       cnsmsg_eng
 0001:001712D4       CnsQuantz
 0001:00173998       CnsTifGr
 0001:00171898       CnsTransf
 0002:00020050       cns_AddFilesAndDirsSuccess
 0002:00020034       cns_AdvanceSetup
 0002:0001FFC4       cns_After_Caption
 0002:00020040       cns_ASPIInitialized_Error
 0002:0001FFF8       cns_BootableCD
 0002:000200DC       cns_BorderDensity
 0002:0001FFE4       cns_BurnBufferSize
 0002:00020038       cns_BurnCD
 0002:0002007C       cns_BurnCDFinished
 0002:00020078       cns_BurnCDFinishedWithError
 0002:00020088       cns_BurnCDFormCaption
 0002:0002000C       cns_BurnCDForm_Caption
 0002:00020048       cns_BurnComfird_caption
 0002:0002002C       cns_BurnISO
 0002:0001FFDC       cns_BurnSetupFormCaption
 0002:000200C8       cns_CalledAETitle
 0002:000200CC       cns_CallingAETitle
 0002:00020004       cns_CancelCaption
 0002:0002003C       cns_CDImageFileFilter
 0002:00020010       cns_CDValumeName
 0002:0002005C       cns_CDWriterNotReady
 0002:00020058       cns_CDWriterReady
 0002:00020030       cns_Clear
 0002:0001FFE8       cns_CloseDisc
 0002:00020128       Cns_ConfirmPassword
 0002:0001FFD8       cns_Confirm_Delete_Image
 0002:00020008       cns_DeviceCapsForm_Caption
 0002:000200F8       cns_DicomPrintAllSelection
 0002:000200B8       cns_DicomPrinter
 0002:000200BC       cns_DicomPrinterFormat
 0002:000200C4       cns_DicomPrinterPort
 0002:000200D0       cns_DicomPrintingCopies
 0002:000200B4       cns_DicomPrintParamForm_Caption
 0002:0001FFF0       cns_EjectAfterBurn
 0002:00020024       cns_EjectCD
 0002:00020064       cns_EjectCDNotSuccess
 0002:00020060       cns_EjectCDSuccess
 0002:000200E0       cns_EmptyImageDensity
 0002:0002001C       cns_EraseCD
 0002:00020074       cns_EraseCDComfird
 0002:00020084       cns_EraseCDFinished
 0002:00020080       cns_EraseCDFinishedWithError
 0002:00020070       cns_EraseCDWarning
 0002:000200F4       cns_FilmGrid
 0002:000200F0       cns_FilmType
 0002:0001FFBC       cns_Foot_Caption
 0002:0001FFAC       cns_FormDefaultFontName
 0002:0001FFC0       cns_Front_Caption
 0002:0001FFB8       cns_Head_Caption
 0002:000200FC       cns_HisgramForm_Caption
 0002:00020014       cns_Info
 0002:000200C0       cns_IPAddress
 0002:0001FFB0       cns_Left_Caption
 0002:0001FFD0       cns_LineProfileForm_Caption
 0002:00020020       cns_LoadCD
 0002:00020068       cns_LoadCDSuccess
 0002:000200D4       cns_MagnificationType
 0002:000200E8       cns_MaxDensity
 0002:000200E4       cns_MinDensity
 0002:00020124       Cns_NewPassword
 0002:00020000       cns_OKCaption
 0002:00020120       Cns_Password
 0002:0001FFD4       cns_Plot3DForm_Caption
 0002:00020018       cns_QuickEraseCD
 0002:0001FFF4       cns_QuickSaveISO
 0002:0001FFB4       cns_Right_Caption
 0002:00020028       cns_SaveAsISO
 0002:0001FFFC       cns_ShowFilesBeforeBurn
 0002:000200D8       cns_SmoothingType
 0002:0002004C       cns_StartBurnFileTo
 0002:00020044       cns_StartBurning
 0002:00020054       cns_StartBurnISOFile
 0002:0001FFEC       cns_TestWrite
 0002:0002006C       cns_ThisCDIsUnformat
 0002:000200EC       cns_TrimCaption
 0002:0002011C       Cns_UserCode
 0002:00020118       cns_UserLoginForm_Caption
 0002:0002010C       cns_userLogin_code_not_same
 0002:00020104       cns_userLogin_InputPassword
 0002:00020100       cns_userLogin_InputUserCode
 0002:00020114       cns_userLogin_new_Password_not_same
 0002:00020110       cns_userLogin_old_password_incorrect
 0002:00020108       cns_userLogin_ReInputPassword
 0002:0001FFE0       cns_ValumeCaption
 0002:0000637C       CoAddRefServerProcess
 0002:00006374       CoCreateInstanceEx
 0002:0000638C       CoInitFlags
 0001:00015B1C       CoInitialize
 0002:00006378       CoInitializeEx
 0002:00006D58       ColDlg
 0002:000020E0       ColIdx
 0002:00007068       Color16Entries
 0002:000070A8       Color256Entries
 0002:0000211C       Colors
 0002:000067B4       Colors
 0002:00006370       ColorsHolder
 0001:0004F26C       ColorToIdent
 0001:000FC0F4       ColorTone
 0002:000024B0       ColorToPretyName
 0001:0004F25C       ColorToRGB
 0002:000066FC       ColumnIncrement
 0002:000066C4       ColumnStart
 0002:0001F120       ColWidths
 0001:00006208       CombineRgn
 0002:0000278C       ComboBoxStyles
 0002:0001FB4C       ComClassManagerVar
 0001:000BF41C       ComConst
 0002:0001F654       ComCtl32DLL
 0002:0001F874       ComCtlVersion
 0001:00061A58       ComCtrls
 0002:0001F938       CommandPool
 0001:00057750       CommCtrl
 0001:0005A24C       CommDlg
 0001:00000740       Commit
 0002:0001E628       committedRoot
 0001:001264D0       CommonMessage
 0001:00041D74       CommonSaveToStream
 0001:00127378       CommonWndProc
 0001:000C0234       ComObj
 0001:0003A98C       CompareEurekaFunctions
 0001:0007E924       CompareFront
 0001:00007EC8       CompareMem
 0001:00036EC8       CompareModulesFunctions
 0001:00007E98       CompareStr
 0001:00005DC8       CompareString
 0001:00007EE8       CompareText
 0001:00008444       CompareWith
 0001:0004620C       CompleteStr
 0001:0001C858       ComponentCreated
 0001:0002B7DC       Compress
 0001:000C6818       CompressionError
 0001:00051954       ComputeAldusChecksum
 0001:00023E20       ComputerName
 0001:0004526C       ComputerName
 0001:0016F040       ComputeScanLineSize
 0001:0005C798       ComStrs
 0001:000C052C       ConcatPIDLs
 0001:0002401C       connect
 0001:0004D934       Consts
 0001:0011AF68       ContainsWnd
 0001:001B6E08       ContasPagar
 0001:00057474       Contnrs
 0002:0001F8AA       ControlAtom
 0002:0001F8B0       ControlAtomString
 0001:000D52A8       ControlExists
 0001:0008AD04       ControlHasHelp
 0001:00124D8C       ControlIsActive
 0001:001213B8       ControlIsReady
 0001:00120A08       ControlIsReady
 0001:0007A7E4       Controls
 0001:000DF54C       ConvAlign
 0002:00000400       Convert
 0002:00000410       Convert
 0001:0000C22C       ConvertAddr
 0001:00038364       ConvertAddress
 0001:0002466C       ConvertAddress
 0001:0000A820       ConvertEraString
 0001:00007D60       ConvertError
 0001:00007D78       ConvertErrorFmt
 0001:00159EB8       ConvertSkinStr
 0001:0000A988       ConvertYearString
 0001:00004B2C       CopyArray
 0001:00053F64       CopyBitmap
 0001:0005462C       CopyBitmapAsMask
 0001:0010C9E8       CopyBmp
 0001:00115020       CopyBmp32
 0001:0011648C       CopyByMask
 0001:00114BE0       CopyByMask
 0001:000AF484       CopyByMask32
 0001:000AF92C       CopyByMask32Ex
 0001:000FE808       CopyCache
 0001:00110DBC       CopyChannel
 0001:00110D14       CopyChannel32
 0001:00006210       CopyEnhMetaFile
 0001:001513A8       CopyExForms
 0001:00151330       CopyExFormsCB
 0001:0012834C       CopyHwndCache
 0001:00006528       CopyIcon
 0001:0005EF54       CopyImage
 0001:00006530       CopyImage
 0001:00159DB4       CopyInt
 0001:000E3D18       CopyMasterCorner
 0001:000B1DEC       CopyMasterCorner
 0001:000AF008       CopyMasterRect
 0001:00006B04       CopyMemory
 0001:000545C8       CopyPalette
 0001:000C0500       CopyPIDL
 0001:0015C884       CopyProperties
 0001:00159E64       CopyR
 0001:00006538       CopyRect
 0001:00159E10       CopyRect
 0002:000026E4       Copyright
 0001:00081A40       CopyToBest
 0001:000C5EE8       CopyToolBtnGlyph
 0001:00116B74       CopyTransBitmaps
 0001:000E39E4       CopyTransCorner
 0001:000B1B64       CopyTransCorner
 0001:00116C8C       CopyTransRect
 0001:000DF0EC       CopyTransRect
 0001:0011704C       CopyTransRectA
 0001:0012816C       CopyWinControlCache
 0002:00006380       CoReleaseServerProcess
 0002:00006384       CoResumeClassObjects
 0002:00006388       CoSuspendClassObjects
 0001:00015B24       CoUninitialize
 0001:0000CF6C       CountChars
 0002:0001F61C       CounterLock
 0001:0003F1C8       CPUDialogProc
 0001:000349FC       CPUToRTF
 0002:00000334       CRangeToType
 0001:000A8230       crc32
 0001:000C6658       CRC32
 0002:0001FBC0       CRCTable
 0002:0001E8EC       crc_table
 0002:00001F54       crc_table_computed
 0001:00117950       CreateAlphaBmp
 0001:0000C780       CreateAssertException
 0001:0000C908       CreateAVObject
 0001:00006218       CreateBitmap
 0001:00117C8C       CreateBmp32
 0001:00117C60       CreateBmp32
 0001:00117BD8       CreateBmp32
 0001:00117C80       CreateBmp32
 0001:0011790C       CreateBmpLike
 0001:00006220       CreateBrushIndirect
 0001:00006228       CreateCompatibleBitmap
 0001:00006230       CreateCompatibleDC
 0001:0001C8D8       CreateComponent
 0001:00119450       CreateContributors
 0001:000C05E8       CreateDesktopFolder
 0001:00006C8C       CreateDialog
 0001:0003BFC8       CreateDialogFonts
 0001:00006540       CreateDialogParam
 0001:00006240       CreateDIBitmap
 0001:00006238       CreateDIBSection
 0001:00008EE4       CreateDir
 0001:00005DD0       CreateDirectory
 0001:00005DD8       CreateEvent
 0001:00005DE0       CreateFile
 0001:00005DE8       CreateFileA
 0001:00000234       CreateFileA
 0001:00005DF0       CreateFileMapping
 0001:00005DF8       CreateFileMappingA
 0001:00006248       CreateFont
 0001:00006250       CreateFontIndirect
 0001:00006258       CreateFontIndirectW
 0001:00046588       CreateGeneralText
 0001:0002C780       CreateGZipFile
 0001:00006260       CreateHalftonePalette
 0001:00037A4C       CreateHTMLByLayout
 0001:00039BC8       CreateHTMLFile
 0001:00006548       CreateIcon
 0001:00006550       CreateIconIndirect
 0001:0000C6AC       CreateInOutError
 0001:00047400       CreateLogText
 0001:00117A78       CreateMaskFromAlpha
 0001:00006558       CreateMenu
 0001:0005AD0C       CreateMessageDialog
 0001:00005E08       CreateMutex
 0001:00026100       CreateMXQuery
 0001:00006268       CreatePalette
 0001:00006270       CreatePen
 0001:00006278       CreatePenIndirect
 0001:000C046C       CreatePIDL
 0001:00006560       CreatePopupMenu
[...]
   395 0001:00170CDB   396 0001:00170CE5   398 0001:00170CF0   399 0001:00170CF2
   401 0001:00170CF8   402 0001:00170D06   403 0001:00170D0A   406 0001:00170D0F
   410 0001:00170D18   409 0001:00170D22   411 0001:00170D31   412 0001:00170D38
   414 0001:00170D3F   418 0001:00170D46   417 0001:00170D50   421 0001:00170D65
   422 0001:00170D72   425 0001:00170D77   426 0001:00170D80   433 0001:00170D88
   434 0001:00170DAE   435 0001:00170DF3   436 0001:00170E1F   441 0001:00170E24
   444 0001:00170E2B   445 0001:00170E35   446 0001:00170E3C   524 0001:00170E40
   525 0001:00170E55   526 0001:00170EA6   531 0001:00170ECC   532 0001:00170ED5
   533 0001:00170EE3   535 0001:00170F00   536 0001:00170F0E   538 0001:00170F2B
   541 0001:00170F51   544 0001:00170F88   548 0001:00170F8B   549 0001:00170F9A
   561 0001:00170F9C   562 0001:00170FA2   563 0001:00170FC1   599 0001:00170FC8
   600 0001:00170FCE   601 0001:00170FDA   606 0001:00170FE0   607 0001:00170FE6
   608 0001:00170FF4   610 0001:00170FFE   611 0001:00171016   627 0001:00171020
   628 0001:00171023   629 0001:00171025   634 0001:00171028   635 0001:0017102B
   636 0001:00171041   644 0001:00171068   648 0001:0017106C   649 0001:0017107E
   657 0001:00171084   660 0001:00171090   662 0001:001710A2   663 0001:001710A4
   692 0001:001710AC   693 0001:001710AF   694 0001:001710B1   721 0001:001710B4
   722 0001:001710BB   737 0001:001710BC   738 0001:001710D4   741 0001:001710D6
   743 0001:001710DB   744 0001:001710EB   746 0001:001710EF   747 0001:001710FC
   749 0001:00171100   750 0001:00171110   752 0001:00171114   753 0001:00171124
   755 0001:00171128   757 0001:00171145   758 0001:00171155   760 0001:00171162
   761 0001:00171181   766 0001:00171188   767 0001:0017118E   768 0001:0017119C
   769 0001:001711A4   771 0001:001711B5   773 0001:001711BF   784 0001:001711C4
   785 0001:001711C8   786 0001:001711D3   787 0001:001711D9   789 0001:001711DD
   792 0001:001711E1   793 0001:001711EE   798 0001:001711F4   799 0001:001711F8
   800 0001:00171206   805 0001:0017120C   806 0001:00171210   807 0001:0017121E
   812 0001:00171224   814 0001:00171237   815 0001:00171267  1732 0001:0017129C
  1732 0001:001712A3

Line numbers for CnsQuantz(CnsQuantz.pas) segment .text

   299 0001:001712D4   299 0001:001712DB

Line numbers for CnsTransf(CnsTransf.pas) segment .text

   477 0001:001713A8   478 0001:001713B2   479 0001:001713C1   480 0001:001713CF
   481 0001:001713DB   483 0001:001713F2   485 0001:00171402   491 0001:00171408
   492 0001:00171427   494 0001:00171496  1149 0001:001714B4  1150 0001:001714C0
  1151 0001:001714C6  1153 0001:001714DD  1157 0001:001714E9  1160 0001:00171518
  1162 0001:0017152C  1164 0001:0017154A  1165 0001:00171558  1166 0001:00171569
  1165 0001:00171571  1167 0001:00171574  1160 0001:00171575  1172 0001:00171580
  1174 0001:00171594  1176 0001:001715B2  1177 0001:001715C0  1178 0001:001715D1
  1179 0001:001715FB  1177 0001:001715FC  1180 0001:001715FF  1172 0001:00171600
  1185 0001:0017160B  1187 0001:00171623  1189 0001:00171641  1190 0001:0017164F
  1191 0001:00171660  1190 0001:00171671  1192 0001:00171674  1185 0001:00171675
  1199 0001:00171680  1204 0001:0017168F  1206 0001:001716A7  1208 0001:001716C5
  1210 0001:001716D7  1212 0001:001716E7  1213 0001:001716F1  1214 0001:001716FB
  1216 0001:00171705  1217 0001:00171717  1208 0001:00171718  1218 0001:0017171B
  1204 0001:0017171C  1222 0001:00171722  1223 0001:0017173F  1248 0001:00171748
  1249 0001:00171756  1250 0001:00171764  1251 0001:0017176F  1252 0001:0017177D
  1254 0001:0017178B  1255 0001:0017179D  1257 0001:001717AB  1259 0001:001717BC
  1261 0001:001717C7  1263 0001:001717D3  1265 0001:001717DF  1257 0001:001717E3
  1267 0001:001717E6  1271 0001:0017181A  1274 0001:00171835  1276 0001:00171848
  1282 0001:00171850  1283 0001:00171856  1285 0001:0017185D  1286 0001:00171865
  3547 0001:00171898  3547 0001:0017189F

Line numbers for CnsTifGr(CnsTifGr.pas) segment .text

   174 0001:00171ABC   175 0001:00171ADE   176 0001:00171B48   186 0001:00171B5C
   187 0001:00171B60   189 0001:00171B6F   193 0001:00171B84   194 0001:00171B89
   196 0001:00171B8B   187 0001:00171B94   198 0001:00171B97   199 0001:00171B9C
   204 0001:00171BA4   207 0001:00171BA6   208 0001:00171BB8   225 0001:00171BBC
   226 0001:00171BC7   227 0001:00171BC9   229 0001:00171BD7   230 0001:00171BE7
   232 0001:00171BF5   235 0001:00171C01   236 0001:00171C10   238 0001:00171C15
   242 0001:00171C2F   244 0001:00171C4A   246 0001:00171C4E   249 0001:00171C50
   253 0001:00171C5E   255 0001:00171C62   257 0001:00171C72   259 0001:00171C82
   264 0001:00171C94   266 0001:00171C9E   268 0001:00171CA8   271 0001:00171CB2
   249 0001:00171CB6   273 0001:00171CBB   274 0001:00171CBF   288 0001:00171CC8
   289 0001:00171CD5   290 0001:00171CDF   292 0001:00171CE7   294 0001:00171CED
   295 0001:00171CFF   296 0001:00171D09   297 0001:00171D13   298 0001:00171D21
   299 0001:00171D2D   300 0001:00171D39   303 0001:00171D45   310 0001:00171D59
   311 0001:00171D67   312 0001:00171D76   313 0001:00171D85   303 0001:00171D89
   315 0001:00171D8E   318 0001:00171DAD   319 0001:00171DBF   320 0001:00171DC9
   323 0001:00171DDB   334 0001:00171DE0   335 0001:00171DEA   336 0001:00171DFA
   338 0001:00171E06   339 0001:00171E0D   384 0001:00171E14   388 0001:00171E32
   393 0001:00171E34   394 0001:00171E3A   395 0001:00171E41   396 0001:00171E71
   397 0001:00171E80   398 0001:00171E8F   399 0001:00171E9E   400 0001:00171EAD
   401 0001:00171EBC   402 0001:00171ECB   404 0001:00171ED7   410 0001:00171F70
   411 0001:00171F95   415 0001:00172014   429 0001:0017201C   430 0001:0017202D
   431 0001:00172038   432 0001:00172046   434 0001:00172051   442 0001:00172078
   444 0001:00172085   446 0001:00172091   447 0001:0017209F   432 0001:001720A0
   449 0001:001720B0   451 0001:001720C3   506 0001:001720CC   507 0001:001720DE
   508 0001:001720EB   510 0001:001720F5   511 0001:00172100   512 0001:0017210E
   514 0001:00172125   522 0001:00172151   524 0001:0017215F   526 0001:00172171
   527 0001:0017217E   528 0001:00172195   529 0001:0017219E   530 0001:001721A1
   524 0001:001721A2   531 0001:001721A5   512 0001:001721A8   533 0001:001721BE
   535 0001:001721D1   549 0001:001721DC   551 0001:001721F0   552 0001:001721FF
   553 0001:0017220D   555 0001:0017222F   557 0001:00172241   559 0001:00172263
   562 0001:00172280   564 0001:001722A2   566 0001:001722AB   568 0001:001722B6
   570 0001:001722C6   571 0001:001722C9   572 0001:001722CF   574 0001:001722D2
   575 0001:001722E3   566 0001:001722E4   576 0001:001722E7   564 0001:001722EA
   578 0001:001722F0   583 0001:0017231F   585 0001:0017232F   607 0001:00172338
   608 0001:0017234D   610 0001:00172358   611 0001:00172363   614 0001:00172371
   615 0001:00172376   617 0001:00172382   619 0001:001723AD   620 0001:001723B8
   622 0001:001723C3   634 0001:001723C9   638 0001:001723EA   640 0001:001723FC
   644 0001:00172406   651 0001:00172418   652 0001:0017242E   653 0001:00172444
   654 0001:00172459   656 0001:0017246C   644 0001:0017246D   660 0001:00172474
   661 0001:00172484   663 0001:0017249A   638 0001:0017249B   666 0001:001724A4
   615 0001:001724AA   669 0001:001724C3   671 0001:001724D6   680 0001:001724E0
   681 0001:00172505   683 0001:0017250E   685 0001:0017251D   686 0001:00172523
   688 0001:00172541   689 0001:00172549   681 0001:0017254E   692 0001:00172553
   693 0001:00172570   694 0001:0017258D   695 0001:001725AA   696 0001:001725C7
   697 0001:001725E4   698 0001:00172601   699 0001:0017261E   700 0001:0017263B
   701 0001:0017267A   710 0001:00172684   711 0001:0017268E   713 0001:00172695
   715 0001:001726A4   717 0001:001726AA   719 0001:001726BF   711 0001:001726C3
   723 0001:001726C8   724 0001:001726D1   726 0001:001726EB   727 0001:001726F4
   729 0001:0017270E   730 0001:00172717   732 0001:00172731   733 0001:0017273A
   735 0001:00172754   736 0001:0017275D   738 0001:00172777   739 0001:00172780
   741 0001:0017279A   742 0001:001727A3   744 0001:001727BD   745 0001:001727C6
   747 0001:001727E0   748 0001:001727E9   749 0001:00172803   784 0001:0017280C
   789 0001:00172834   790 0001:00172840   791 0001:00172846   793 0001:00172850
   794 0001:0017285E   796 0001:00172869   797 0001:00172879   802 0001:00172889
   803 0001:0017289D   805 0001:001728A3   807 0001:001728B3   811 0001:001728C2
   813 0001:001728D6   814 0001:001728DC   816 0001:001728E4   819 0001:001728EE
   821 0001:001728FE   824 0001:00172912   830 0001:00172918   832 0001:0017292C
   833 0001:0017293A   835 0001:00172946   838 0001:00172958   840 0001:0017295A
   842 0001:0017296E   843 0001:0017297C   845 0001:0017298A   848 0001:0017299E
   850 0001:001729A4   851 0001:001729AB   853 0001:001729B0   855 0001:001729BB
   856 0001:001729D1   857 0001:001729D7   859 0001:001729DE   862 0001:001729E6
   869 0001:00172A33   871 0001:00172A35   873 0001:00172A39   874 0001:00172A46
   876 0001:00172A4C   879 0001:00172A5A   880 0001:00172A65   883 0001:00172A67
   886 0001:00172A75   887 0001:00172A80   888 0001:00172A84   891 0001:00172A86
   894 0001:00172A94   895 0001:00172A9F   898 0001:00172AA1   901 0001:00172AAF
   902 0001:00172ABA   903 0001:00172ABE   906 0001:00172AC0   909 0001:00172ACE
   910 0001:00172AD9   913 0001:00172ADB   916 0001:00172AE9   919 0001:00172AF4
   920 0001:00172AFC   923 0001:00172AFE   928 0001:00172B02   930 0001:00172B09
   931 0001:00172B17   932 0001:00172B1E   934 0001:00172B22   936 0001:00172B24
   940 0001:00172B2B   944 0001:00172B3C   945 0001:00172B47   946 0001:00172B49
   947 0001:00172B50   948 0001:00172B54   951 0001:00172B58   953 0001:00172B66
   955 0001:00172B6A   959 0001:00172B85   962 0001:00172B8F   963 0001:00172BC7
   965 0001:00172BD5   968 0001:00172BE3   970 0001:00172BF7   971 0001:00172BFD
   973 0001:00172C08   979 0001:00172C13   982 0001:00172C1E   983 0001:00172C29
   984 0001:00172C34   985 0001:00172C3F   988 0001:00172C4A   993 0001:00172C81
   998 0001:00172C95   999 0001:00172C9D  1002 0001:00172CA7  1004 0001:00172CB1
  1006 0001:00172CB7  1010 0001:00172CD2  1011 0001:00172CD8  1013 0001:00172CEF
  1017 0001:00172CF5  1020 0001:00172D08  1025 0001:00172D2B  1027 0001:00172D31
  1028 0001:00172D40  1029 0001:00172D4E  1031 0001:00172D64  1036 0001:00172D81
  1038 0001:00172DB1  1045 0001:00172E08  1046 0001:00172E1A  1050 0001:00172E23
  1052 0001:00172E2D  1056 0001:00172E34  1057 0001:00172E45  1059 0001:00172E6D
  1064 0001:00172E70  1065 0001:00172E7B  1067 0001:00172E82  1068 0001:00172E99
  1075 0001:00172E9C  1076 0001:00172EA0  1078 0001:00172EB2  1079 0001:00172EB7
  1078 0001:00172ED0  1080 0001:00172ED3  1087 0001:00172ED8  1089 0001:00172EDC
  1090 0001:00172EDE  1089 0001:00172EF1  1092 0001:00172EF6  1093 0001:00172F01
  1094 0001:00172F09  1099 0001:00172F0C  1100 0001:00172F12  1102 0001:00172F1B
  1103 0001:00172F2C  1104 0001:00172F38  1115 0001:00172F3C  1116 0001:00172F4A
  1119 0001:00172F63  1120 0001:00172F6F  1125 0001:00172F7A  1127 0001:00172F83
  1135 0001:00172F8C  1136 0001:00172F95  1137 0001:00172FA1  1138 0001:00172FA7
  1139 0001:00172FB1  1140 0001:00172FBF  1142 0001:00172FD7  1144 0001:00172FEA
  1159 0001:00173004  1160 0001:0017300A  1164 0001:00173035  1167 0001:0017303C
  1174 0001:00173045  1176 0001:00173051  1181 0001:0017305A  1183 0001:00173069
  1188 0001:00173072  1190 0001:00173081  1194 0001:00173088  1196 0001:0017308E
  1281 0001:00173094  1282 0001:001730A3  1283 0001:001730A7  1285 0001:001730CB
  1287 0001:001730D5  1288 0001:001730DA  1289 0001:001730E8  1295 0001:001730EE
  1297 0001:001730FD  1298 0001:00173116  1301 0001:0017313C  1303 0001:0017313F
  1305 0001:0017314B  1308 0001:00173174  1309 0001:0017317A  1312 0001:0017318A
  1314 0001:001731AC  1334 0001:001731B4  1335 0001:001731ED  1336 0001:001731F0
  1338 0001:00173210  1339 0001:0017321D  1340 0001:00173223  1342 0001:0017322D
  1343 0001:0017323B  1344 0001:0017323F  1345 0001:00173275  1351 0001:0017327B
  1352 0001:0017327F  1353 0001:0017328F  1354 0001:0017329B  1356 0001:001732AF
  1360 0001:001732C0  1363 0001:001732C6  1366 0001:001732CC  1367 0001:001732D0
  1373 0001:001732D5  1374 0001:001732D9  1376 0001:001732E8  1378 0001:001732F8
  1379 0001:001732FE  1381 0001:00173316  1383 0001:00173328  1385 0001:00173333
  1386 0001:0017333F  1389 0001:00173351  1390 0001:0017335D  1397 0001:001733D0
  1398 0001:001733E2  1399 0001:0017340D  1401 0001:00173438  1403 0001:0017344F
  1405 0001:00173466  1408 0001:0017348C  1409 0001:0017349E  1411 0001:001734B0
  1412 0001:001734BF  1414 0001:001734C3  1416 0001:001734C7  1423 0001:001734DC
  1424 0001:001734E0  1426 0001:001734F4  1428 0001:00173506  1429 0001:00173518
  1435 0001:0017352F  1436 0001:00173533  1438 0001:00173547  1440 0001:00173559
  1441 0001:0017356B  1445 0001:0017357D  1450 0001:001735A0  1455 0001:001735B0
  1456 0001:001735C2  1457 0001:001735D4  1461 0001:001735E6  1468 0001:0017360E
  1470 0001:00173613  1471 0001:00173619  1473 0001:0017362A  1475 0001:00173638
  1478 0001:0017364F  1480 0001:00173677  1484 0001:0017367D  1486 0001:00173698
  1488 0001:001736A1  1489 0001:001736B2  1488 0001:001736B9  1492 0001:001736BC
  1496 0001:001736C5  1500 0001:001736D8  1502 0001:001736E5  1503 0001:001736F5
  1504 0001:001736FF  1475 0001:00173700  1507 0001:00173716  1508 0001:0017371C
  1512 0001:00173742  1515 0001:00173752  1517 0001:00173799  1526 0001:0017381C
  1527 0001:00173828  1529 0001:00173832  1530 0001:00173837  1531 0001:00173845
  1537 0001:0017384B  1540 0001:0017385C  1542 0001:0017385F  1544 0001:00173872
  1546 0001:00173878  1547 0001:00173884  1551 0001:001738A4  1552 0001:001738AA
  1554 0001:001738BA  1559 0001:001738C0  1560 0001:001738C7  1562 0001:001738D7
  1565 0001:001738E2  1566 0001:001738ED  1568 0001:001738FF  1575 0001:00173904
  1576 0001:00173909  1577 0001:00173917  1579 0001:00173927  1592 0001:00173963
  1691 0001:00173968  1691 0001:00173994  1677 0001:00173998  1679 0001:001739AA
  1686 0001:00173A0F  1687 0001:00173A24  1689 0001:00173A39

Line numbers for CnsCLib(CnsCLib.pas) segment .text

   943 0001:00173A6C   944 0001:00173A70   945 0001:00173A7B  1001 0001:00173A80
  1002 0001:00173A84  1003 0001:00173A92  1010 0001:00173A98  1011 0001:00173A9C
  1012 0001:00173AAA  1019 0001:00173AB0  1020 0001:00173AB4  1021 0001:00173AC3
  1026 0001:00173AC8  1027 0001:00173ACB  1028 0001:00173ACD  1033 0001:00173AD0
  1034 0001:00173AD3  1035 0001:00173ADA  1042 0001:00173ADC  1043 0001:00173ADF
  1044 0001:00173AE1  1051 0001:00173AE4  1052 0001:00173AE7  1057 0001:00173AEC
  1058 0001:00173AF0  1059 0001:00173AF2  1061 0001:00173AFD  1062 0001:00173AFE
  1063 0001:00173B0B  1087 0001:00173B10  1088 0001:00173B14  1093 0001:00173B63
  1101 0001:00173B68  1102 0001:00173B84  1103 0001:00173B91  1104 0001:00173BA0
  1105 0001:00173BAF  1108 0001:00173BBC  1112 0001:00173C19  1118 0001:00173C48
  1119 0001:00173C4F  1124 0001:00173C50  1125 0001:00173C59  1126 0001:00173C69
  1132 0001:00173C70  1133 0001:00173C7C  1134 0001:00173C94  1139 0001:00173C9C
  1140 0001:00173CB5  1141 0001:00173CC2  1142 0001:00173CC6  1143 0001:00173D0C
  1148 0001:00173D34  1149 0001:00173D4D  1150 0001:00173D5C  1151 0001:00173D60
  1152 0001:00173DA6  1157 0001:00173DD4  1158 0001:00173DED  1159 0001:00173DFA
  1160 0001:00173DFE  1161 0001:00173E44  1169 0001:00173E6C  1170 0001:00173E70
  1171 0001:00173E81  1172 0001:00173E85  1173 0001:00173E91  1179 0001:00173EB0
  1180 0001:00173EB7  1186 0001:00173EB8  1187 0001:00173EBF  1195 0001:00173EC0
  1196 0001:00173EC4  1200 0001:00173ED3  1208 0001:00173ED8  1209 0001:00173EE3
  1217 0001:00173EE4  1218 0001:00173EEF  1226 0001:00173EF0  1227 0001:00173EFD
  1233 0001:00173F00  1234 0001:00173F07  1243 0001:00173F08  1244 0001:00173F0C
  1247 0001:00173F1F  1254 0001:00173F24  1255 0001:00173F2E  1843 0001:00173F30
  1844 0001:00173F3A  1854 0001:00173F3C  1855 0001:00173F46  1865 0001:00173F48
  1866 0001:00173F52  1876 0001:00173F54  1877 0001:00173F5E  1887 0001:00173F60
  1888 0001:00173F6A  1898 0001:00173F6C  1899 0001:00173F76  1909 0001:00173F78
  1910 0001:00173F82  1918 0001:00173F84  1919 0001:00173F8B  1927 0001:00173F8C
  1928 0001:00173F93  1938 0001:00173F94  1939 0001:00173F9E  1947 0001:00173FA0
  1948 0001:00173FA7  1969 0001:00173FA8  1970 0001:00173FAC  1974 0001:00173FCB
  2001 0001:00173FD0  2002 0001:00173FD4  2005 0001:00174001  2017 0001:00174008
  2018 0001:00174013  2030 0001:00174014  2031 0001:0017401F  2043 0001:00174020
  2044 0001:0017402A  2231 0001:0017B2CE  2231 0001:00165E93

Line numbers for CnsJpgGr(CnsJpgGr.pas) segment .text

    63 0001:001B5FE8    64 0001:001B5FFA    66 0001:001B6003    67 0001:001B600A
    68 0001:001B6011    69 0001:001B602F    96 0001:001B6034    97 0001:001B6058
    98 0001:001B605B   100 0001:001B607B   101 0001:001B6086   102 0001:001B6094
   104 0001:001B609E   108 0001:001B60AB   112 0001:001B60CD   113 0001:001B60D3
   117 0001:001B60E2   121 0001:001B60EF   123 0001:001B60F7   127 0001:001B6119
   128 0001:001B611F   130 0001:001B6125   131 0001:001B612B   133 0001:001B6131
   136 0001:001B616C   145 0001:001B6179   146 0001:001B618D   151 0001:001B61A3
   152 0001:001B61A9   156 0001:001B61AF   158 0001:001B61CD   160 0001:001B61D8
   162 0001:001B61FB   163 0001:001B6208   164 0001:001B6218   165 0001:001B621E
   166 0001:001B622C   158 0001:001B622D   168 0001:001B6230   171 0001:001B6245
   174 0001:001B6258   176 0001:001B629C   197 0001:001B62BC   198 0001:001B62CB
   199 0001:001B62CE   201 0001:001B62EE   203 0001:001B62F8   204 0001:001B62FD
   207 0001:001B6306   209 0001:001B630A   210 0001:001B630F   213 0001:001B6318
   215 0001:001B6331   216 0001:001B633D   218 0001:001B6344   220 0001:001B6346
   221 0001:001B6352   223 0001:001B635B   225 0001:001B6360   227 0001:001B636D
   228 0001:001B6378   229 0001:001B6383   230 0001:001B6391   232 0001:001B639C
   237 0001:001B63E1   239 0001:001B63EE   241 0001:001B6400   243 0001:001B6428
   244 0001:001B643D   245 0001:001B6446   247 0001:001B6451   248 0001:001B6461
   239 0001:001B6462   250 0001:001B6465   253 0001:001B647A   254 0001:001B6485
   257 0001:001B6498   259 0001:001B64BA   281 0001:001B64C4   282 0001:001B64CB
   283 0001:001B64D9   285 0001:001B64E9   294 0001:001B652D   305 0001:001B6534
   305 0001:001B6560   298 0001:001B6564   300 0001:001B656D   301 0001:001B6582
   303 0001:001B6597

Line numbers for untAbertura(SRC\untAbertura.pas) segment .text

    34 0001:001B67E0    35 0001:001B67F7    36 0001:001B6804    38 0001:001B6809
    42 0001:001B6815    43 0001:001B6816    44 0001:001B683B    46 0001:001B6865
    48 0001:001B68A8    48 0001:001B68AF

Line numbers for ContasPagar(C:\Estudo\Delphi7\ContasPagar\ContasPagar.dpr) segment .text

    13 0001:001B6E08    14 0001:001B6E18    15 0001:001B6E34    16 0001:001B6E42
    18 0001:001B6E54    19 0001:001B6E60    20 0001:001B6E78    23 0001:001B6E91
    28 0001:001B6EA3

Bound resource files

C:\Program Files (x86)\EurekaLog 5\Delphi7\DIALOG.RES
c:\program files (x86)\borland\delphi7\Lib\Buttons.res
c:\program files (x86)\borland\delphi7\Lib\ExtDlgs.res
c:\program files (x86)\borland\delphi7\Lib\Controls.res
C:\Alpha14\D7\sStrings.res
C:\Alpha14\D7\SRES.RES
C:\Alpha14\D7\acFontData.res
c:\program files (x86)\borland\delphi7\Lib\FileCtrl.res
C:\Alpha14\D7\sCalcUnit.dfm
C:\Alpha14\D7\acPathDialog.DFM
C:\Alpha14\D7\sPopupClndr.dfm
C:\Alpha14\D7\acHints.res
C:\Alpha14\D7\acTitleBar.res
C:\Alpha14\D7\ASCursors.res
C:\Alpha14\D7\sColorDialog.DFM
C:\Estudo\Delphi7\ContasPagar\Modulos\BASE\untFrmGenaralBase.dfm
C:\Estudo\Delphi7\ContasPagar\Modulos\BASE\untLogin.dfm
untAbertura.dfm
ContasPagar.res
ContasPagar.drf


Program entry point at 0001:001B6E08
