
 Start         Length     Name                   Class
 0001:00000000 00001720H .text                   CODE
 0002:00000000 0000002CH .data                   DATA
 0002:0000002C 00000055H .bss                    BSS


Detailed map of segments

 0001:00000000 00000056 C=CODE     S=.text    G=(none)   M=System   ACBP=A9
 0001:00000058 000001EC C=CODE     S=.text    G=(none)   M=SysInit  ACBP=A9
 0001:00000244 00000038 C=CODE     S=.text    G=(none)   M=Windows  ACBP=A9
 0001:0000027C 0000000E C=CODE     S=.text    G=(none)   M=Types    ACBP=A9
 0001:0000028C 00000038 C=CODE     S=.text    G=(none)   M=Messages ACBP=A9
 0001:000002C4 0000000E C=CODE     S=.text    G=(none)   M=SysUtils ACBP=A9
 0001:000002D4 0000000E C=CODE     S=.text    G=(none)   M=SysConst ACBP=A9
 0001:000002E4 0000000E C=CODE     S=.text    G=(none)   M=Variants ACBP=A9
 0001:000002F4 0000000E C=CODE     S=.text    G=(none)   M=VarUtils ACBP=A9
 0001:00000304 0000002E C=CODE     S=.text    G=(none)   M=Classes  ACBP=A9
 0001:00000334 0000000E C=CODE     S=.text    G=(none)   M=ActiveX  ACBP=A9
 0001:00000344 0000000E C=CODE     S=.text    G=(none)   M=TypInfo  ACBP=A9
 0001:00000354 0000000E C=CODE     S=.text    G=(none)   M=RTLConsts ACBP=A9
 0001:00000364 0000000E C=CODE     S=.text    G=(none)   M=Graphics ACBP=A9
 0001:00000374 0000000E C=CODE     S=.text    G=(none)   M=Consts   ACBP=A9
 0001:00000384 000000E6 C=CODE     S=.text    G=(none)   M=Controls ACBP=A9
 0001:0000046C 0000000E C=CODE     S=.text    G=(none)   M=ActnList ACBP=A9
 0001:0000047C 0000000E C=CODE     S=.text    G=(none)   M=Contnrs  ACBP=A9
 0001:0000048C 0000000E C=CODE     S=.text    G=(none)   M=Math     ACBP=A9
 0001:0000049C 0000000E C=CODE     S=.text    G=(none)   M=ImgList  ACBP=A9
 0001:000004AC 00000038 C=CODE     S=.text    G=(none)   M=CommCtrl ACBP=A9
 0001:000004E4 00000126 C=CODE     S=.text    G=(none)   M=Forms    ACBP=A9
 0001:0000060C 0000000E C=CODE     S=.text    G=(none)   M=HelpIntfs ACBP=A9
 0001:0000061C 0000000E C=CODE     S=.text    G=(none)   M=MultiMon ACBP=A9
 0001:0000062C 00000038 C=CODE     S=.text    G=(none)   M=Imm      ACBP=A9
 0001:00000664 0000000E C=CODE     S=.text    G=(none)   M=Menus    ACBP=A9
 0001:00000674 0000000E C=CODE     S=.text    G=(none)   M=Themes   ACBP=A9
 0001:00000684 0000000E C=CODE     S=.text    G=(none)   M=UxTheme  ACBP=A9
 0001:00000694 0000000E C=CODE     S=.text    G=(none)   M=SyncObjs ACBP=A9
 0001:000006A4 0000000E C=CODE     S=.text    G=(none)   M=ComCtrls ACBP=A9
 0001:000006B4 00000038 C=CODE     S=.text    G=(none)   M=ShlObj   ACBP=A9
 0001:000006EC 00000038 C=CODE     S=.text    G=(none)   M=UrlMon   ACBP=A9
 0001:00000724 00000038 C=CODE     S=.text    G=(none)   M=WinInet  ACBP=A9
 0001:0000075C 00000038 C=CODE     S=.text    G=(none)   M=RegStr   ACBP=A9
 0001:00000794 00000038 C=CODE     S=.text    G=(none)   M=ShellAPI ACBP=A9
 0001:000007CC 0000000E C=CODE     S=.text    G=(none)   M=ListActns ACBP=A9
 0001:000007DC 0000000E C=CODE     S=.text    G=(none)   M=ExtCtrls ACBP=A9
 0001:000007EC 0000000E C=CODE     S=.text    G=(none)   M=StdCtrls ACBP=A9
 0001:000007FC 0000000E C=CODE     S=.text    G=(none)   M=WinHelpViewer ACBP=A9
 0001:0000080C 0000000E C=CODE     S=.text    G=(none)   M=StdActns ACBP=A9
 0001:0000081C 0000000E C=CODE     S=.text    G=(none)   M=Dialogs  ACBP=A9
 0001:0000082C 0000000E C=CODE     S=.text    G=(none)   M=Printers ACBP=A9
 0001:0000083C 00000038 C=CODE     S=.text    G=(none)   M=WinSpool ACBP=A9
 0001:00000874 00000038 C=CODE     S=.text    G=(none)   M=CommDlg  ACBP=A9
 0001:000008AC 00000038 C=CODE     S=.text    G=(none)   M=Dlgs     ACBP=A9
 0001:000008E4 0000000E C=CODE     S=.text    G=(none)   M=StrUtils ACBP=A9
 0001:000008F4 0000000E C=CODE     S=.text    G=(none)   M=Clipbrd  ACBP=A9
 0001:00000904 0000000E C=CODE     S=.text    G=(none)   M=FlatSB   ACBP=A9
 0001:00000914 0000000E C=CODE     S=.text    G=(none)   M=ToolWin  ACBP=A9
 0001:00000924 00000038 C=CODE     S=.text    G=(none)   M=RichEdit ACBP=A9
 0001:0000095C 0000000E C=CODE     S=.text    G=(none)   M=ExtActns ACBP=A9
 0001:0000096C 0000000E C=CODE     S=.text    G=(none)   M=Registry ACBP=A9
 0001:0000097C 0000000E C=CODE     S=.text    G=(none)   M=IniFiles ACBP=A9
 0001:0000098C 0000000E C=CODE     S=.text    G=(none)   M=ExtDlgs  ACBP=A9
 0001:0000099C 0000000E C=CODE     S=.text    G=(none)   M=Buttons  ACBP=A9
 0001:000009AC 0000000E C=CODE     S=.text    G=(none)   M=Mapi     ACBP=A9
 0001:000009BC 0000000E C=CODE     S=.text    G=(none)   M=ComStrs  ACBP=A9
 0001:000009CC 0000000E C=CODE     S=.text    G=(none)   M=sSkinManager ACBP=A9
 0001:000009DC 0000000E C=CODE     S=.text    G=(none)   M=acFontStore ACBP=A9
 0001:000009EC 0000000E C=CODE     S=.text    G=(none)   M=sConst   ACBP=A9
 0001:000009FC 0000000E C=CODE     S=.text    G=(none)   M=sStrings ACBP=A9
 0001:00000A0C 0000000E C=CODE     S=.text    G=(none)   M=sLabel   ACBP=A9
 0001:00000A1C 0000000E C=CODE     S=.text    G=(none)   M=acntTypes ACBP=A9
 0001:00000A2C 0000000E C=CODE     S=.text    G=(none)   M=jpeg     ACBP=A9
 0001:00000A3C 0000000E C=CODE     S=.text    G=(none)   M=JConsts  ACBP=A9
 0001:00000A4C 0000000E C=CODE     S=.text    G=(none)   M=acntUtils ACBP=A9
 0001:00000A5C 0000000E C=CODE     S=.text    G=(none)   M=sDefaults ACBP=A9
 0001:00000A6C 0000000E C=CODE     S=.text    G=(none)   M=sStyleSimply ACBP=A9
 0001:00000A7C 0000000E C=CODE     S=.text    G=(none)   M=sSkinProps ACBP=A9
 0001:00000A8C 0000000E C=CODE     S=.text    G=(none)   M=sGradient ACBP=A9
 0001:00000A9C 0000000E C=CODE     S=.text    G=(none)   M=acgpUtils ACBP=A9
 0001:00000AAC 0000000E C=CODE     S=.text    G=(none)   M=sGraphUtils ACBP=A9
 0001:00000ABC 0000000E C=CODE     S=.text    G=(none)   M=sCommonData ACBP=A9
 0001:00000ACC 0000000E C=CODE     S=.text    G=(none)   M=acThdTimer ACBP=A9
 0001:00000ADC 0000000E C=CODE     S=.text    G=(none)   M=sVclUtils ACBP=A9
 0001:00000AEC 0000000E C=CODE     S=.text    G=(none)   M=sSkinMenus ACBP=A9
 0001:00000AFC 0000000E C=CODE     S=.text    G=(none)   M=sMaskData ACBP=A9
 0001:00000B0C 0000000E C=CODE     S=.text    G=(none)   M=acPNG    ACBP=A9
 0001:00000B1C 0000000E C=CODE     S=.text    G=(none)   M=acZLibEx ACBP=A9
 0001:00000B2C 0000000E C=CODE     S=.text    G=(none)   M=sMessages ACBP=A9
 0001:00000B3C 0000000E C=CODE     S=.text    G=(none)   M=sHtmlParse ACBP=A9
 0001:00000B4C 0000000E C=CODE     S=.text    G=(none)   M=sAlphaGraph ACBP=A9
 0001:00000B5C 0000000E C=CODE     S=.text    G=(none)   M=sThirdParty ACBP=A9
 0001:00000B6C 0000000E C=CODE     S=.text    G=(none)   M=sSpeedButton ACBP=A9
 0001:00000B7C 0000000E C=CODE     S=.text    G=(none)   M=sFade    ACBP=A9
 0001:00000B8C 0000000E C=CODE     S=.text    G=(none)   M=acDials  ACBP=A9
 0001:00000B9C 0000000E C=CODE     S=.text    G=(none)   M=acSBUtils ACBP=A9
 0001:00000BAC 0000000E C=CODE     S=.text    G=(none)   M=Grids    ACBP=A9
 0001:00000BBC 0000000E C=CODE     S=.text    G=(none)   M=Mask     ACBP=A9
 0001:00000BCC 0000000E C=CODE     S=.text    G=(none)   M=MaskUtils ACBP=A9
 0001:00000BDC 0000000E C=CODE     S=.text    G=(none)   M=acAlphaImageList ACBP=A9
 0001:00000BEC 0000000E C=CODE     S=.text    G=(none)   M=sSkinProvider ACBP=A9
 0001:00000BFC 0000000E C=CODE     S=.text    G=(none)   M=acTitleBar ACBP=A9
 0001:00000C0C 0000000E C=CODE     S=.text    G=(none)   M=acGlow   ACBP=A9
 0001:00000C1C 0000000E C=CODE     S=.text    G=(none)   M=sGlyphUtils ACBP=A9
 0001:00000C2C 0000000E C=CODE     S=.text    G=(none)   M=sEdit    ACBP=A9
 0001:00000C3C 0000000E C=CODE     S=.text    G=(none)   M=sBitBtn  ACBP=A9
 0001:00000C4C 0000000E C=CODE     S=.text    G=(none)   M=sToolBar ACBP=A9
 0001:00000C5C 0000000E C=CODE     S=.text    G=(none)   M=acAlphaHints ACBP=A9
 0001:00000C6C 0000000E C=CODE     S=.text    G=(none)   M=sStatusBar ACBP=A9
 0001:00000C7C 0000000E C=CODE     S=.text    G=(none)   M=sButton  ACBP=A9
 0001:00000C8C 0000000E C=CODE     S=.text    G=(none)   M=sMaskEdit ACBP=A9
 0001:00000C9C 0000000E C=CODE     S=.text    G=(none)   M=sCustomComboEdit ACBP=A9
 0001:00000CAC 0000000E C=CODE     S=.text    G=(none)   M=acPopupController ACBP=A9
 0001:00000CBC 0000000E C=CODE     S=.text    G=(none)   M=sComboBoxes ACBP=A9
 0001:00000CCC 0000000E C=CODE     S=.text    G=(none)   M=sScrollBox ACBP=A9
 0001:00000CDC 0000000E C=CODE     S=.text    G=(none)   M=sBorders ACBP=A9
 0001:00000CEC 0000000E C=CODE     S=.text    G=(none)   M=sPanel   ACBP=A9
 0001:00000CFC 0000000E C=CODE     S=.text    G=(none)   M=sSplitter ACBP=A9
 0001:00000D0C 0000000E C=CODE     S=.text    G=(none)   M=sColorDialog ACBP=A9
 0001:00000D1C 0000000E C=CODE     S=.text    G=(none)   M=acPopupCtrls ACBP=A9
 0001:00000D2C 0000000E C=CODE     S=.text    G=(none)   M=sComboEdit ACBP=A9
 0001:00000D3C 0000000E C=CODE     S=.text    G=(none)   M=sTrackBar ACBP=A9
 0001:00000D4C 0000000E C=CODE     S=.text    G=(none)   M=sCurrEdit ACBP=A9
 0001:00000D5C 0000000E C=CODE     S=.text    G=(none)   M=sCalcUnit ACBP=A9
 0001:00000D6C 0000000E C=CODE     S=.text    G=(none)   M=sCurrencyEdit ACBP=A9
 0001:00000D7C 0000000E C=CODE     S=.text    G=(none)   M=sDialogs ACBP=A9
 0001:00000D8C 0000000E C=CODE     S=.text    G=(none)   M=acImage  ACBP=A9
 0001:00000D9C 0000000E C=CODE     S=.text    G=(none)   M=sCheckBox ACBP=A9
 0001:00000DAC 0000000E C=CODE     S=.text    G=(none)   M=sComboBox ACBP=A9
 0001:00000DBC 0000000E C=CODE     S=.text    G=(none)   M=sToolEdit ACBP=A9
 0001:00000DCC 0000000E C=CODE     S=.text    G=(none)   M=sMonthCalendar ACBP=A9
 0001:00000DDC 0000000E C=CODE     S=.text    G=(none)   M=sDateUtils ACBP=A9
 0001:00000DEC 0000000E C=CODE     S=.text    G=(none)   M=sPopupClndr ACBP=A9
 0001:00000DFC 0000000E C=CODE     S=.text    G=(none)   M=FileCtrl ACBP=A9
 0001:00000E0C 0000000E C=CODE     S=.text    G=(none)   M=acShellCtrls ACBP=A9
 0001:00000E1C 0000000E C=CODE     S=.text    G=(none)   M=sListView ACBP=A9
 0001:00000E2C 0000000E C=CODE     S=.text    G=(none)   M=sTreeView ACBP=A9
 0001:00000E3C 0000000E C=CODE     S=.text    G=(none)   M=ComObj   ACBP=A9
 0001:00000E4C 0000000E C=CODE     S=.text    G=(none)   M=ComConst ACBP=A9
 0001:00000E5C 0000000E C=CODE     S=.text    G=(none)   M=acPathDialog ACBP=A9
 0001:00000E6C 0000000E C=CODE     S=.text    G=(none)   M=DateUtils ACBP=A9
 0001:00000E7C 0000000E C=CODE     S=.text    G=(none)   M=sMDIForm ACBP=A9
 0001:00000E8C 0000000E C=CODE     S=.text    G=(none)   M=sFrameAdapter ACBP=A9
 0001:00000E9C 0000000E C=CODE     S=.text    G=(none)   M=sPageControl ACBP=A9
 0001:00000EAC 000001DC C=CODE     S=.text    G=(none)   M=untFrmGenaralBase ACBP=A9
 0001:00001088 00000218 C=CODE     S=.text    G=(none)   M=untLogin ACBP=A9
 0001:000012A0 0000047D C=CODE     S=.text    G=(none)   M=pkgBase  ACBP=A9
 0002:00000000 0000002C C=DATA     S=.data    G=DGROUP   M=SysInit  ACBP=A9
 0002:00001000 00000010 C=BSS      S=.bss     G=DGROUP   M=SysInit  ACBP=A9
 0002:00001010 00000004 C=BSS      S=.bss     G=DGROUP   M=Windows  ACBP=A9
 0002:00001014 00000004 C=BSS      S=.bss     G=DGROUP   M=Messages ACBP=A9
 0002:00001018 00000004 C=BSS      S=.bss     G=DGROUP   M=CommCtrl ACBP=A9
 0002:0000101C 00000004 C=BSS      S=.bss     G=DGROUP   M=Imm      ACBP=A9
 0002:00001020 00000004 C=BSS      S=.bss     G=DGROUP   M=ShlObj   ACBP=A9
 0002:00001024 00000004 C=BSS      S=.bss     G=DGROUP   M=UrlMon   ACBP=A9
 0002:00001028 00000004 C=BSS      S=.bss     G=DGROUP   M=WinInet  ACBP=A9
 0002:0000102C 00000004 C=BSS      S=.bss     G=DGROUP   M=RegStr   ACBP=A9
 0002:00001030 00000004 C=BSS      S=.bss     G=DGROUP   M=ShellAPI ACBP=A9
 0002:00001034 00000004 C=BSS      S=.bss     G=DGROUP   M=WinSpool ACBP=A9
 0002:00001038 00000004 C=BSS      S=.bss     G=DGROUP   M=CommDlg  ACBP=A9
 0002:0000103C 00000004 C=BSS      S=.bss     G=DGROUP   M=Dlgs     ACBP=A9
 0002:00001040 00000004 C=BSS      S=.bss     G=DGROUP   M=RichEdit ACBP=A9
 0002:00001044 00000008 C=BSS      S=.bss     G=DGROUP   M=untFrmGenaralBase ACBP=A9
 0002:0000104C 00000008 C=BSS      S=.bss     G=DGROUP   M=untLogin ACBP=A9


  Address         Publics by Name

 0002:00001040       .1
 0002:00001038       .1
 0002:00001030       .1
 0002:0000102C       .1
 0002:00001028       .1
 0002:00001008       .1
 0002:0000103C       .1
 0002:00001024       .1
 0002:00001020       .1
 0002:0000101C       .1
 0002:00001014       .1
 0002:00001018       .1
 0002:00001050       .2
 0002:00001048       .2
 0002:00001010       .3
 0002:00001034       .3
 0001:000016F8       @GetPackageInfoTable
 0001:00000190       @InitPkg
 0001:00001700       @PackageLoad
 0001:000001F4       @PackageLoad
 0001:00000200       @PackageUnload
 0001:0000170C       @PackageUnload
 0001:00000090       AllocTlsBuffer
 0001:000004DC       CommCtrl
 0001:000008A4       CommDlg
 0001:000008DC       Dlgs
 0001:0000013C       ExitProcessTLS
 0001:00000114       ExitThreadTLS
 0001:00000724       Finalization
 0001:000006EC       Finalization
 0001:000006B4       Finalization
 0001:000008AC       Finalization
 0001:0000062C       Finalization
 0001:00001268       Finalization
 0001:000004AC       Finalization
 0001:0000028C       Finalization
 0001:00001050       Finalization
 0001:00000244       Finalization
 0001:0000075C       Finalization
 0001:0000020C       Finalization
 0001:00000924       Finalization
 0001:00000874       Finalization
 0001:00000794       Finalization
 0001:0000083C       Finalization
 0001:00000058       FreeLibrary
 0002:00001044       frmBaseGeral
 0002:0000104C       frmLogin
 0001:0000009C       GetTlsSize
 0002:00001004       HInstance
 0001:0000065C       Imm
 0001:00000160       InitializeModule
 0001:000000E8       InitProcessTLS
 0001:000000A4       InitThreadTLS
 0001:00000060       LocalAlloc
 0001:00000068       LocalFree
 0001:000002BC       Messages
 0002:00000004       Module
 0002:00001000       ModuleIsLib
 0002:00001001       ModuleIsPackage
 0001:00001718       pkgBase
 0001:0000078C       RegStr
 0001:00000954       RichEdit
 0001:000007C4       ShellAPI
 0001:000006E4       ShlObj
 0001:0000023C       SysInit
 0001:00000070       TlsAlloc
 0002:0000100C       tlsBuffer
 0001:00000078       TlsFree
 0001:00000080       TlsGetValue
 0002:00000000       TlsIndex
 0002:FFBFD000       TlsLast
 0002:0000001C       TlsProc
 0001:00000088       TlsSetValue
 0001:0000016C       UninitializeModule
 0001:00001080       untFrmGenaralBase
 0001:00001298       untLogin
 0001:0000071C       UrlMon
 0001:00000274       Windows
 0001:00000754       WinInet
 0001:0000086C       WinSpool


  Address         Publics by Value

 0002:FFBFD000       TlsLast
 0001:00000058       FreeLibrary
 0001:00000060       LocalAlloc
 0001:00000068       LocalFree
 0001:00000070       TlsAlloc
 0001:00000078       TlsFree
 0001:00000080       TlsGetValue
 0001:00000088       TlsSetValue
 0001:00000090       AllocTlsBuffer
 0001:0000009C       GetTlsSize
 0001:000000A4       InitThreadTLS
 0001:000000E8       InitProcessTLS
 0001:00000114       ExitThreadTLS
 0001:0000013C       ExitProcessTLS
 0001:00000160       InitializeModule
 0001:0000016C       UninitializeModule
 0001:00000190       @InitPkg
 0001:000001F4       @PackageLoad
 0001:00000200       @PackageUnload
 0001:0000020C       Finalization
 0001:0000023C       SysInit
 0001:00000244       Finalization
 0001:00000274       Windows
 0001:0000028C       Finalization
 0001:000002BC       Messages
 0001:000004AC       Finalization
 0001:000004DC       CommCtrl
 0001:0000062C       Finalization
 0001:0000065C       Imm
 0001:000006B4       Finalization
 0001:000006E4       ShlObj
 0001:000006EC       Finalization
 0001:0000071C       UrlMon
 0001:00000724       Finalization
 0001:00000754       WinInet
 0001:0000075C       Finalization
 0001:0000078C       RegStr
 0001:00000794       Finalization
 0001:000007C4       ShellAPI
 0001:0000083C       Finalization
 0001:0000086C       WinSpool
 0001:00000874       Finalization
 0001:000008A4       CommDlg
 0001:000008AC       Finalization
 0001:000008DC       Dlgs
 0001:00000924       Finalization
 0001:00000954       RichEdit
 0001:00001050       Finalization
 0001:00001080       untFrmGenaralBase
 0001:00001268       Finalization
 0001:00001298       untLogin
 0001:000016F8       @GetPackageInfoTable
 0001:00001700       @PackageLoad
 0001:0000170C       @PackageUnload
 0001:00001718       pkgBase
 0002:00000000       TlsIndex
 0002:00000004       Module
 0002:0000001C       TlsProc
 0002:00001000       ModuleIsLib
 0002:00001001       ModuleIsPackage
 0002:00001004       HInstance
 0002:00001008       .1
 0002:0000100C       tlsBuffer
 0002:00001010       .3
 0002:00001014       .1
 0002:00001018       .1
 0002:0000101C       .1
 0002:00001020       .1
 0002:00001024       .1
 0002:00001028       .1
 0002:0000102C       .1
 0002:00001030       .1
 0002:00001034       .3
 0002:00001038       .1
 0002:0000103C       .1
 0002:00001040       .1
 0002:00001044       frmBaseGeral
 0002:00001048       .2
 0002:0000104C       frmLogin
 0002:00001050       .2


Line numbers for untFrmGenaralBase(untFrmGenaralBase.pas) segment .text

    25 0001:00001080    25 0001:00001087

Line numbers for untLogin(untLogin.pas) segment .text

    31 0001:00001298    31 0001:0000129F

Line numbers for pkgBase(C:\Estudo\Delphi7\ContasPagar\Modulos\BASE\pkgBase.dpk) segment .text

    38 0001:00001718

Bound resource files

untFrmGenaralBase.dfm
untLogin.dfm
pkgBase.res
pkgBase.drf


Program entry point at 0001:00001718
